Component: ARM Compiler 5.05 update 1 (build 106) Tool: armlink [4d0efa]

==============================================================================

Section Cross References

    main.o(.text) refers to stm32f10x_rcc.o(.text) for RCC_DeInit
    main.o(.text) refers to stm32f10x_flash.o(.text) for FLASH_SetLatency
    main.o(.text) refers to stm32f10x_nvic.o(.text) for NVIC_SetVectorTable
    main.o(.text) refers to led.o(.text) for LedInit
    main.o(.text) refers to uart.o(.text) for UART3Init
    led.o(.text) refers to stm32f10x_gpio.o(.text) for GPIO_ResetBits
    led.o(.text) refers to stm32f10x_rcc.o(.text) for RCC_APB2PeriphClockCmd
    led.o(.text) refers to led.o(.text) for LedOutput
    led.o(.text) refers to cbase.o(.text) for DelayNmS
    uart.o(.text) refers to stm32f10x_rcc.o(.text) for RCC_APB1PeriphClockCmd
    uart.o(.text) refers to stm32f10x_gpio.o(.text) for GPIO_Init
    uart.o(.text) refers to stm32f10x_usart.o(.text) for USART_Init
    uart.o(.text) refers to cbase.o(.text) for DelayNmS
    uart.o(.text) refers to led.o(.text) for LedOutput
    stm32f10x_adc.o(.text) refers to stm32f10x_rcc.o(.text) for RCC_APB2PeriphResetCmd
    stm32f10x_bkp.o(.text) refers to stm32f10x_rcc.o(.text) for RCC_BackupResetCmd
    stm32f10x_can.o(.text) refers to stm32f10x_rcc.o(.text) for RCC_APB1PeriphResetCmd
    stm32f10x_can.o(.text) refers to stm32f10x_can.o(.text) for CAN_FIFORelease
    stm32f10x_can.o(.text) refers to stm32f10x_can.o(.text) for CheckITStatus
    stm32f10x_dac.o(.text) refers to stm32f10x_rcc.o(.text) for RCC_APB1PeriphResetCmd
    stm32f10x_gpio.o(.text) refers to stm32f10x_rcc.o(.text) for RCC_APB2PeriphResetCmd
    stm32f10x_gpio.o(.text) refers to stm32f10x_rcc.o(.text) for RCC_APB2PeriphResetCmd
    stm32f10x_i2c.o(.text) refers to stm32f10x_rcc.o(.text) for RCC_APB1PeriphResetCmd
    stm32f10x_i2c.o(.text) refers to stm32f10x_rcc.o(.text) for RCC_GetClocksFreq
    stm32f10x_nvic.o(.text) refers to cortexm3_macro.o(.text) for __SETPRIMASK
    stm32f10x_nvic.o(.text) refers to cortexm3_macro.o(.text) for __RESETPRIMASK
    stm32f10x_nvic.o(.text) refers to cortexm3_macro.o(.text) for __SETFAULTMASK
    stm32f10x_nvic.o(.text) refers to cortexm3_macro.o(.text) for __RESETFAULTMASK
    stm32f10x_nvic.o(.text) refers to cortexm3_macro.o(.text) for __BASEPRICONFIG
    stm32f10x_nvic.o(.text) refers to cortexm3_macro.o(.text) for __GetBASEPRI
    stm32f10x_pwr.o(.text) refers to stm32f10x_rcc.o(.text) for RCC_APB1PeriphResetCmd
    stm32f10x_pwr.o(.text) refers to cortexm3_macro.o(.text) for __WFI
    stm32f10x_pwr.o(.text) refers to cortexm3_macro.o(.text) for __WFI
    stm32f10x_rcc.o(.text) refers to stm32f10x_rcc.o(.constdata) for APBAHBPrescTable
    stm32f10x_rtc.o(.text) refers to stm32f10x_rtc.o(.text) for RTC_EnterConfigMode
    stm32f10x_rtc.o(.text) refers to stm32f10x_rtc.o(.text) for RTC_ExitConfigMode
    stm32f10x_rtc.o(.text) refers to stm32f10x_rtc.o(.text) for RTC_EnterConfigMode
    stm32f10x_rtc.o(.text) refers to stm32f10x_rtc.o(.text) for RTC_ExitConfigMode
    stm32f10x_rtc.o(.text) refers to stm32f10x_rtc.o(.text) for RTC_EnterConfigMode
    stm32f10x_rtc.o(.text) refers to stm32f10x_rtc.o(.text) for RTC_ExitConfigMode
    stm32f10x_spi.o(.text) refers to stm32f10x_rcc.o(.text) for RCC_APB2PeriphResetCmd
    stm32f10x_spi.o(.text) refers to stm32f10x_rcc.o(.text) for RCC_APB1PeriphResetCmd
    stm32f10x_spi.o(.text) refers to stm32f10x_rcc.o(.text) for RCC_GetClocksFreq
    stm32f10x_tim.o(.text) refers to stm32f10x_rcc.o(.text) for RCC_APB2PeriphResetCmd
    stm32f10x_tim.o(.text) refers to stm32f10x_rcc.o(.text) for RCC_APB1PeriphResetCmd
    stm32f10x_tim.o(.text) refers to stm32f10x_tim.o(.text) for TI1_Config
    stm32f10x_tim.o(.text) refers to stm32f10x_tim.o(.text) for TIM_SetIC1Prescaler
    stm32f10x_tim.o(.text) refers to stm32f10x_tim.o(.text) for TIM_SetIC2Prescaler
    stm32f10x_tim.o(.text) refers to stm32f10x_tim.o(.text) for TIM_SetIC3Prescaler
    stm32f10x_tim.o(.text) refers to stm32f10x_tim.o(.text) for TIM_SetIC4Prescaler
    stm32f10x_tim.o(.text) refers to stm32f10x_tim.o(.text) for TI1_Config
    stm32f10x_tim.o(.text) refers to stm32f10x_tim.o(.text) for TIM_SetIC1Prescaler
    stm32f10x_tim.o(.text) refers to stm32f10x_tim.o(.text) for TIM_SetIC2Prescaler
    stm32f10x_tim.o(.text) refers to stm32f10x_tim.o(.text) for TIM_SelectInputTrigger
    stm32f10x_tim.o(.text) refers to stm32f10x_tim.o(.text) for TI2_Config
    stm32f10x_tim.o(.text) refers to stm32f10x_tim.o(.text) for TIM_SelectInputTrigger
    stm32f10x_tim.o(.text) refers to stm32f10x_tim.o(.text) for TIM_ETRConfig
    stm32f10x_tim.o(.text) refers to stm32f10x_tim.o(.text) for TIM_ETRConfig
    stm32f10x_usart.o(.text) refers to stm32f10x_rcc.o(.text) for RCC_APB2PeriphResetCmd
    stm32f10x_usart.o(.text) refers to stm32f10x_rcc.o(.text) for RCC_APB1PeriphResetCmd
    stm32f10x_usart.o(.text) refers to stm32f10x_rcc.o(.text) for RCC_GetClocksFreq
    stm32f10x_wwdg.o(.text) refers to stm32f10x_rcc.o(.text) for RCC_APB1PeriphResetCmd
    stm32f10x_vector.o(RESET) refers to stm32f10x_vector.o(STACK) for __initial_sp
    stm32f10x_vector.o(RESET) refers to stm32f10x_vector.o(.text) for Reset_Handler
    stm32f10x_vector.o(RESET) refers to stm32f10x_it.o(.text) for NMIException
    stm32f10x_vector.o(.text) refers to entry.o(.ARM.Collect$$$$00000000) for __main
    entry.o(.ARM.Collect$$$$00000000) refers (Special) to entry10a.o(.ARM.Collect$$$$0000000D) for __rt_final_cpp
    entry.o(.ARM.Collect$$$$00000000) refers (Special) to entry11a.o(.ARM.Collect$$$$0000000F) for __rt_final_exit
    entry.o(.ARM.Collect$$$$00000000) refers (Special) to entry7b.o(.ARM.Collect$$$$00000008) for _main_clock
    entry.o(.ARM.Collect$$$$00000000) refers (Special) to entry8b.o(.ARM.Collect$$$$0000000A) for _main_cpp_init
    entry.o(.ARM.Collect$$$$00000000) refers (Special) to entry9a.o(.ARM.Collect$$$$0000000B) for _main_init
    entry.o(.ARM.Collect$$$$00000000) refers (Special) to entry5.o(.ARM.Collect$$$$00000004) for _main_scatterload
    entry.o(.ARM.Collect$$$$00000000) refers (Special) to entry2.o(.ARM.Collect$$$$00000001) for _main_stk
    entry2.o(.ARM.Collect$$$$00000001) refers to entry2.o(.ARM.Collect$$$$00002712) for __lit__00000000
    entry2.o(.ARM.Collect$$$$00002712) refers to stm32f10x_vector.o(STACK) for __initial_sp
    entry2.o(__vectab_stack_and_reset_area) refers to stm32f10x_vector.o(STACK) for __initial_sp
    entry2.o(__vectab_stack_and_reset_area) refers to entry.o(.ARM.Collect$$$$00000000) for __main
    entry5.o(.ARM.Collect$$$$00000004) refers to init.o(.text) for __scatterload
    entry9a.o(.ARM.Collect$$$$0000000B) refers to main.o(.text) for main
    entry9b.o(.ARM.Collect$$$$0000000C) refers to main.o(.text) for main
    init.o(.text) refers to entry5.o(.ARM.Collect$$$$00000004) for __main_after_scatterload


==============================================================================

Removing Unused input sections from the image.

    Removing led.o(.text), (70 bytes).
    Removing stm32f10x_adc.o(.text), (96 bytes).
    Removing stm32f10x_adc.o(.text), (80 bytes).
    Removing stm32f10x_adc.o(.text), (18 bytes).
    Removing stm32f10x_adc.o(.text), (22 bytes).
    Removing stm32f10x_adc.o(.text), (22 bytes).
    Removing stm32f10x_adc.o(.text), (24 bytes).
    Removing stm32f10x_adc.o(.text), (10 bytes).
    Removing stm32f10x_adc.o(.text), (20 bytes).
    Removing stm32f10x_adc.o(.text), (10 bytes).
    Removing stm32f10x_adc.o(.text), (20 bytes).
    Removing stm32f10x_adc.o(.text), (22 bytes).
    Removing stm32f10x_adc.o(.text), (20 bytes).
    Removing stm32f10x_adc.o(.text), (24 bytes).
    Removing stm32f10x_adc.o(.text), (22 bytes).
    Removing stm32f10x_adc.o(.text), (184 bytes).
    Removing stm32f10x_adc.o(.text), (22 bytes).
    Removing stm32f10x_adc.o(.text), (8 bytes).
    Removing stm32f10x_adc.o(.text), (12 bytes).
    Removing stm32f10x_adc.o(.text), (22 bytes).
    Removing stm32f10x_adc.o(.text), (22 bytes).
    Removing stm32f10x_adc.o(.text), (16 bytes).
    Removing stm32f10x_adc.o(.text), (22 bytes).
    Removing stm32f10x_adc.o(.text), (22 bytes).
    Removing stm32f10x_adc.o(.text), (20 bytes).
    Removing stm32f10x_adc.o(.text), (130 bytes).
    Removing stm32f10x_adc.o(.text), (24 bytes).
    Removing stm32f10x_adc.o(.text), (4 bytes).
    Removing stm32f10x_adc.o(.text), (10 bytes).
    Removing stm32f10x_adc.o(.text), (20 bytes).
    Removing stm32f10x_adc.o(.text), (6 bytes).
    Removing stm32f10x_adc.o(.text), (16 bytes).
    Removing stm32f10x_adc.o(.text), (36 bytes).
    Removing stm32f10x_adc.o(.text), (18 bytes).
    Removing stm32f10x_adc.o(.text), (6 bytes).
    Removing stm32f10x_adc.o(.text), (36 bytes).
    Removing stm32f10x_adc.o(.text), (10 bytes).
    Removing stm32f10x_bkp.o(.text), (16 bytes).
    Removing stm32f10x_bkp.o(.text), (12 bytes).
    Removing stm32f10x_bkp.o(.text), (12 bytes).
    Removing stm32f10x_bkp.o(.text), (12 bytes).
    Removing stm32f10x_bkp.o(.text), (28 bytes).
    Removing stm32f10x_bkp.o(.text), (28 bytes).
    Removing stm32f10x_bkp.o(.text), (16 bytes).
    Removing stm32f10x_bkp.o(.text), (16 bytes).
    Removing stm32f10x_bkp.o(.text), (12 bytes).
    Removing stm32f10x_bkp.o(.text), (20 bytes).
    Removing stm32f10x_bkp.o(.text), (12 bytes).
    Removing stm32f10x_bkp.o(.text), (20 bytes).
    Removing stm32f10x_can.o(.text), (22 bytes).
    Removing stm32f10x_can.o(.text), (300 bytes).
    Removing stm32f10x_can.o(.text), (264 bytes).
    Removing stm32f10x_can.o(.text), (32 bytes).
    Removing stm32f10x_can.o(.text), (32 bytes).
    Removing stm32f10x_can.o(.text), (308 bytes).
    Removing stm32f10x_can.o(.text), (164 bytes).
    Removing stm32f10x_can.o(.text), (64 bytes).
    Removing stm32f10x_can.o(.text), (24 bytes).
    Removing stm32f10x_can.o(.text), (40 bytes).
    Removing stm32f10x_can.o(.text), (208 bytes).
    Removing stm32f10x_can.o(.text), (36 bytes).
    Removing stm32f10x_can.o(.text), (36 bytes).
    Removing stm32f10x_can.o(.text), (24 bytes).
    Removing stm32f10x_can.o(.text), (16 bytes).
    Removing stm32f10x_can.o(.text), (18 bytes).
    Removing stm32f10x_can.o(.text), (284 bytes).
    Removing stm32f10x_can.o(.text), (224 bytes).
    Removing stm32f10x_crc.o(.text), (12 bytes).
    Removing stm32f10x_crc.o(.text), (16 bytes).
    Removing stm32f10x_crc.o(.text), (36 bytes).
    Removing stm32f10x_crc.o(.text), (12 bytes).
    Removing stm32f10x_crc.o(.text), (12 bytes).
    Removing stm32f10x_crc.o(.text), (12 bytes).
    Removing stm32f10x_dac.o(.text), (22 bytes).
    Removing stm32f10x_dac.o(.text), (52 bytes).
    Removing stm32f10x_dac.o(.text), (12 bytes).
    Removing stm32f10x_dac.o(.text), (40 bytes).
    Removing stm32f10x_dac.o(.text), (44 bytes).
    Removing stm32f10x_dac.o(.text), (44 bytes).
    Removing stm32f10x_dac.o(.text), (36 bytes).
    Removing stm32f10x_dac.o(.text), (40 bytes).
    Removing stm32f10x_dac.o(.text), (16 bytes).
    Removing stm32f10x_dac.o(.text), (16 bytes).
    Removing stm32f10x_dac.o(.text), (32 bytes).
    Removing stm32f10x_dac.o(.text), (20 bytes).
    Removing stm32f10x_dbgmcu.o(.text), (12 bytes).
    Removing stm32f10x_dbgmcu.o(.text), (16 bytes).
    Removing stm32f10x_dbgmcu.o(.text), (32 bytes).
    Removing stm32f10x_dma.o(.text), (324 bytes).
    Removing stm32f10x_dma.o(.text), (60 bytes).
    Removing stm32f10x_dma.o(.text), (26 bytes).
    Removing stm32f10x_dma.o(.text), (22 bytes).
    Removing stm32f10x_dma.o(.text), (18 bytes).
    Removing stm32f10x_dma.o(.text), (8 bytes).
    Removing stm32f10x_dma.o(.text), (44 bytes).
    Removing stm32f10x_dma.o(.text), (28 bytes).
    Removing stm32f10x_dma.o(.text), (44 bytes).
    Removing stm32f10x_dma.o(.text), (28 bytes).
    Removing stm32f10x_exti.o(.text), (36 bytes).
    Removing stm32f10x_exti.o(.text), (184 bytes).
    Removing stm32f10x_exti.o(.text), (16 bytes).
    Removing stm32f10x_exti.o(.text), (16 bytes).
    Removing stm32f10x_exti.o(.text), (24 bytes).
    Removing stm32f10x_exti.o(.text), (12 bytes).
    Removing stm32f10x_exti.o(.text), (40 bytes).
    Removing stm32f10x_exti.o(.text), (12 bytes).
    Removing stm32f10x_flash.o(.text), (28 bytes).
    Removing stm32f10x_fsmc.o(.text), (54 bytes).
    Removing stm32f10x_fsmc.o(.text), (68 bytes).
    Removing stm32f10x_fsmc.o(.text), (40 bytes).
    Removing stm32f10x_fsmc.o(.text), (226 bytes).
    Removing stm32f10x_fsmc.o(.text), (140 bytes).
    Removing stm32f10x_fsmc.o(.text), (136 bytes).
    Removing stm32f10x_fsmc.o(.text), (112 bytes).
    Removing stm32f10x_fsmc.o(.text), (56 bytes).
    Removing stm32f10x_fsmc.o(.text), (62 bytes).
    Removing stm32f10x_fsmc.o(.text), (52 bytes).
    Removing stm32f10x_fsmc.o(.text), (92 bytes).
    Removing stm32f10x_fsmc.o(.text), (48 bytes).
    Removing stm32f10x_fsmc.o(.text), (92 bytes).
    Removing stm32f10x_fsmc.o(.text), (28 bytes).
    Removing stm32f10x_fsmc.o(.text), (128 bytes).
    Removing stm32f10x_fsmc.o(.text), (56 bytes).
    Removing stm32f10x_fsmc.o(.text), (64 bytes).
    Removing stm32f10x_fsmc.o(.text), (68 bytes).
    Removing stm32f10x_fsmc.o(.text), (72 bytes).
    Removing stm32f10x_gpio.o(.text), (196 bytes).
    Removing stm32f10x_gpio.o(.text), (20 bytes).
    Removing stm32f10x_gpio.o(.text), (16 bytes).
    Removing stm32f10x_gpio.o(.text), (18 bytes).
    Removing stm32f10x_gpio.o(.text), (8 bytes).
    Removing stm32f10x_gpio.o(.text), (18 bytes).
    Removing stm32f10x_gpio.o(.text), (8 bytes).
    Removing stm32f10x_gpio.o(.text), (10 bytes).
    Removing stm32f10x_gpio.o(.text), (4 bytes).
    Removing stm32f10x_gpio.o(.text), (18 bytes).
    Removing stm32f10x_gpio.o(.text), (32 bytes).
    Removing stm32f10x_gpio.o(.text), (12 bytes).
    Removing stm32f10x_gpio.o(.text), (112 bytes).
    Removing stm32f10x_gpio.o(.text), (64 bytes).
    Removing stm32f10x_i2c.o(.text), (68 bytes).
    Removing stm32f10x_i2c.o(.text), (236 bytes).
    Removing stm32f10x_i2c.o(.text), (30 bytes).
    Removing stm32f10x_i2c.o(.text), (24 bytes).
    Removing stm32f10x_i2c.o(.text), (24 bytes).
    Removing stm32f10x_i2c.o(.text), (24 bytes).
    Removing stm32f10x_i2c.o(.text), (24 bytes).
    Removing stm32f10x_i2c.o(.text), (24 bytes).
    Removing stm32f10x_i2c.o(.text), (24 bytes).
    Removing stm32f10x_i2c.o(.text), (22 bytes).
    Removing stm32f10x_i2c.o(.text), (24 bytes).
    Removing stm32f10x_i2c.o(.text), (24 bytes).
    Removing stm32f10x_i2c.o(.text), (18 bytes).
    Removing stm32f10x_i2c.o(.text), (4 bytes).
    Removing stm32f10x_i2c.o(.text), (8 bytes).
    Removing stm32f10x_i2c.o(.text), (18 bytes).
    Removing stm32f10x_i2c.o(.text), (6 bytes).
    Removing stm32f10x_i2c.o(.text), (22 bytes).
    Removing stm32f10x_i2c.o(.text), (28 bytes).
    Removing stm32f10x_i2c.o(.text), (24 bytes).
    Removing stm32f10x_i2c.o(.text), (28 bytes).
    Removing stm32f10x_i2c.o(.text), (24 bytes).
    Removing stm32f10x_i2c.o(.text), (8 bytes).
    Removing stm32f10x_i2c.o(.text), (24 bytes).
    Removing stm32f10x_i2c.o(.text), (24 bytes).
    Removing stm32f10x_i2c.o(.text), (28 bytes).
    Removing stm32f10x_i2c.o(.text), (26 bytes).
    Removing stm32f10x_i2c.o(.text), (38 bytes).
    Removing stm32f10x_i2c.o(.text), (42 bytes).
    Removing stm32f10x_i2c.o(.text), (12 bytes).
    Removing stm32f10x_i2c.o(.text), (38 bytes).
    Removing stm32f10x_i2c.o(.text), (12 bytes).
    Removing stm32f10x_iwdg.o(.text), (12 bytes).
    Removing stm32f10x_iwdg.o(.text), (12 bytes).
    Removing stm32f10x_iwdg.o(.text), (12 bytes).
    Removing stm32f10x_iwdg.o(.text), (16 bytes).
    Removing stm32f10x_iwdg.o(.text), (16 bytes).
    Removing stm32f10x_iwdg.o(.text), (24 bytes).
    Removing stm32f10x_nvic.o(.text), (68 bytes).
    Removing stm32f10x_nvic.o(.text), (84 bytes).
    Removing stm32f10x_nvic.o(.text), (20 bytes).
    Removing stm32f10x_nvic.o(.text), (164 bytes).
    Removing stm32f10x_nvic.o(.text), (12 bytes).
    Removing stm32f10x_nvic.o(.text), (8 bytes).
    Removing stm32f10x_nvic.o(.text), (8 bytes).
    Removing stm32f10x_nvic.o(.text), (8 bytes).
    Removing stm32f10x_nvic.o(.text), (8 bytes).
    Removing stm32f10x_nvic.o(.text), (12 bytes).
    Removing stm32f10x_nvic.o(.text), (8 bytes).
    Removing stm32f10x_nvic.o(.text), (16 bytes).
    Removing stm32f10x_nvic.o(.text), (44 bytes).
    Removing stm32f10x_nvic.o(.text), (12 bytes).
    Removing stm32f10x_nvic.o(.text), (24 bytes).
    Removing stm32f10x_nvic.o(.text), (16 bytes).
    Removing stm32f10x_nvic.o(.text), (44 bytes).
    Removing stm32f10x_nvic.o(.text), (12 bytes).
    Removing stm32f10x_nvic.o(.text), (16 bytes).
    Removing stm32f10x_nvic.o(.text), (16 bytes).
    Removing stm32f10x_nvic.o(.text), (32 bytes).
    Removing stm32f10x_nvic.o(.text), (44 bytes).
    Removing stm32f10x_nvic.o(.text), (112 bytes).
    Removing stm32f10x_nvic.o(.text), (48 bytes).
    Removing stm32f10x_nvic.o(.text), (28 bytes).
    Removing stm32f10x_nvic.o(.text), (32 bytes).
    Removing stm32f10x_nvic.o(.text), (44 bytes).
    Removing stm32f10x_nvic.o(.text), (68 bytes).
    Removing stm32f10x_nvic.o(.text), (32 bytes).
    Removing stm32f10x_pwr.o(.text), (22 bytes).
    Removing stm32f10x_pwr.o(.text), (12 bytes).
    Removing stm32f10x_pwr.o(.text), (12 bytes).
    Removing stm32f10x_pwr.o(.text), (24 bytes).
    Removing stm32f10x_pwr.o(.text), (12 bytes).
    Removing stm32f10x_pwr.o(.text), (56 bytes).
    Removing stm32f10x_pwr.o(.text), (52 bytes).
    Removing stm32f10x_pwr.o(.text), (24 bytes).
    Removing stm32f10x_pwr.o(.text), (20 bytes).
    Removing stm32f10x_rcc.o(.text), (24 bytes).
    Removing stm32f10x_rcc.o(.text), (12 bytes).
    Removing stm32f10x_rcc.o(.text), (32 bytes).
    Removing stm32f10x_rcc.o(.text), (12 bytes).
    Removing stm32f10x_rcc.o(.text), (24 bytes).
    Removing stm32f10x_rcc.o(.text), (52 bytes).
    Removing stm32f10x_rcc.o(.text), (12 bytes).
    Removing stm32f10x_rcc.o(.text), (16 bytes).
    Removing stm32f10x_rcc.o(.text), (12 bytes).
    Removing stm32f10x_rcc.o(.text), (32 bytes).
    Removing stm32f10x_rcc.o(.text), (32 bytes).
    Removing stm32f10x_rcc.o(.text), (32 bytes).
    Removing stm32f10x_rcc.o(.text), (12 bytes).
    Removing stm32f10x_rcc.o(.text), (12 bytes).
    Removing stm32f10x_rcc.o(.text), (12 bytes).
    Removing stm32f10x_rcc.o(.text), (20 bytes).
    Removing stm32f10x_rcc.o(.text), (24 bytes).
    Removing stm32f10x_rcc.o(.text), (12 bytes).
    Removing stm32f10x_rtc.o(.text), (32 bytes).
    Removing stm32f10x_rtc.o(.text), (20 bytes).
    Removing stm32f10x_rtc.o(.text), (20 bytes).
    Removing stm32f10x_rtc.o(.text), (20 bytes).
    Removing stm32f10x_rtc.o(.text), (28 bytes).
    Removing stm32f10x_rtc.o(.text), (32 bytes).
    Removing stm32f10x_rtc.o(.text), (28 bytes).
    Removing stm32f10x_rtc.o(.text), (24 bytes).
    Removing stm32f10x_rtc.o(.text), (20 bytes).
    Removing stm32f10x_rtc.o(.text), (36 bytes).
    Removing stm32f10x_rtc.o(.text), (24 bytes).
    Removing stm32f10x_rtc.o(.text), (16 bytes).
    Removing stm32f10x_rtc.o(.text), (36 bytes).
    Removing stm32f10x_rtc.o(.text), (16 bytes).
    Removing stm32f10x_sdio.o(.text), (36 bytes).
    Removing stm32f10x_sdio.o(.text), (48 bytes).
    Removing stm32f10x_sdio.o(.text), (16 bytes).
    Removing stm32f10x_sdio.o(.text), (12 bytes).
    Removing stm32f10x_sdio.o(.text), (28 bytes).
    Removing stm32f10x_sdio.o(.text), (16 bytes).
    Removing stm32f10x_sdio.o(.text), (32 bytes).
    Removing stm32f10x_sdio.o(.text), (12 bytes).
    Removing stm32f10x_sdio.o(.text), (44 bytes).
    Removing stm32f10x_sdio.o(.text), (14 bytes).
    Removing stm32f10x_sdio.o(.text), (12 bytes).
    Removing stm32f10x_sdio.o(.text), (16 bytes).
    Removing stm32f10x_sdio.o(.text), (48 bytes).
    Removing stm32f10x_sdio.o(.text), (20 bytes).
    Removing stm32f10x_sdio.o(.text), (12 bytes).
    Removing stm32f10x_sdio.o(.text), (12 bytes).
    Removing stm32f10x_sdio.o(.text), (12 bytes).
    Removing stm32f10x_sdio.o(.text), (12 bytes).
    Removing stm32f10x_sdio.o(.text), (12 bytes).
    Removing stm32f10x_sdio.o(.text), (12 bytes).
    Removing stm32f10x_sdio.o(.text), (12 bytes).
    Removing stm32f10x_sdio.o(.text), (12 bytes).
    Removing stm32f10x_sdio.o(.text), (12 bytes).
    Removing stm32f10x_sdio.o(.text), (12 bytes).
    Removing stm32f10x_sdio.o(.text), (16 bytes).
    Removing stm32f10x_sdio.o(.text), (12 bytes).
    Removing stm32f10x_sdio.o(.text), (24 bytes).
    Removing stm32f10x_sdio.o(.text), (12 bytes).
    Removing stm32f10x_sdio.o(.text), (24 bytes).
    Removing stm32f10x_sdio.o(.text), (12 bytes).
    Removing stm32f10x_spi.o(.text), (92 bytes).
    Removing stm32f10x_spi.o(.text), (60 bytes).
    Removing stm32f10x_spi.o(.text), (210 bytes).
    Removing stm32f10x_spi.o(.text), (24 bytes).
    Removing stm32f10x_spi.o(.text), (20 bytes).
    Removing stm32f10x_spi.o(.text), (24 bytes).
    Removing stm32f10x_spi.o(.text), (24 bytes).
    Removing stm32f10x_spi.o(.text), (32 bytes).
    Removing stm32f10x_spi.o(.text), (18 bytes).
    Removing stm32f10x_spi.o(.text), (4 bytes).
    Removing stm32f10x_spi.o(.text), (6 bytes).
    Removing stm32f10x_spi.o(.text), (30 bytes).
    Removing stm32f10x_spi.o(.text), (24 bytes).
    Removing stm32f10x_spi.o(.text), (18 bytes).
    Removing stm32f10x_spi.o(.text), (10 bytes).
    Removing stm32f10x_spi.o(.text), (24 bytes).
    Removing stm32f10x_spi.o(.text), (16 bytes).
    Removing stm32f10x_spi.o(.text), (6 bytes).
    Removing stm32f10x_spi.o(.text), (28 bytes).
    Removing stm32f10x_spi.o(.text), (18 bytes).
    Removing stm32f10x_spi.o(.text), (6 bytes).
    Removing stm32f10x_spi.o(.text), (52 bytes).
    Removing stm32f10x_spi.o(.text), (20 bytes).
    Removing stm32f10x_systick.o(.text), (40 bytes).
    Removing stm32f10x_systick.o(.text), (8 bytes).
    Removing stm32f10x_systick.o(.text), (54 bytes).
    Removing stm32f10x_systick.o(.text), (38 bytes).
    Removing stm32f10x_systick.o(.text), (8 bytes).
    Removing stm32f10x_systick.o(.text), (46 bytes).
    Removing stm32f10x_tim.o(.text), (224 bytes).
    Removing stm32f10x_tim.o(.text), (60 bytes).
    Removing stm32f10x_tim.o(.text), (120 bytes).
    Removing stm32f10x_tim.o(.text), (156 bytes).
    Removing stm32f10x_tim.o(.text), (152 bytes).
    Removing stm32f10x_tim.o(.text), (116 bytes).
    Removing stm32f10x_tim.o(.text), (26 bytes).
    Removing stm32f10x_tim.o(.text), (290 bytes).
    Removing stm32f10x_tim.o(.text), (18 bytes).
    Removing stm32f10x_tim.o(.text), (26 bytes).
    Removing stm32f10x_tim.o(.text), (18 bytes).
    Removing stm32f10x_tim.o(.text), (110 bytes).
    Removing stm32f10x_tim.o(.text), (124 bytes).
    Removing stm32f10x_tim.o(.text), (32 bytes).
    Removing stm32f10x_tim.o(.text), (18 bytes).
    Removing stm32f10x_tim.o(.text), (20 bytes).
    Removing stm32f10x_tim.o(.text), (18 bytes).
    Removing stm32f10x_tim.o(.text), (18 bytes).
    Removing stm32f10x_tim.o(.text), (24 bytes).
    Removing stm32f10x_tim.o(.text), (30 bytes).
    Removing stm32f10x_tim.o(.text), (18 bytes).
    Removing stm32f10x_tim.o(.text), (4 bytes).
    Removing stm32f10x_tim.o(.text), (10 bytes).
    Removing stm32f10x_tim.o(.text), (18 bytes).
    Removing stm32f10x_tim.o(.text), (12 bytes).
    Removing stm32f10x_tim.o(.text), (18 bytes).
    Removing stm32f10x_tim.o(.text), (24 bytes).
    Removing stm32f10x_tim.o(.text), (62 bytes).
    Removing stm32f10x_tim.o(.text), (30 bytes).
    Removing stm32f10x_tim.o(.text), (54 bytes).
    Removing stm32f10x_tim.o(.text), (32 bytes).
    Removing stm32f10x_tim.o(.text), (6 bytes).
    Removing stm32f10x_tim.o(.text), (18 bytes).
    Removing stm32f10x_tim.o(.text), (66 bytes).
    Removing stm32f10x_tim.o(.text), (18 bytes).
    Removing stm32f10x_tim.o(.text), (26 bytes).
    Removing stm32f10x_tim.o(.text), (18 bytes).
    Removing stm32f10x_tim.o(.text), (26 bytes).
    Removing stm32f10x_tim.o(.text), (24 bytes).
    Removing stm32f10x_tim.o(.text), (24 bytes).
    Removing stm32f10x_tim.o(.text), (24 bytes).
    Removing stm32f10x_tim.o(.text), (24 bytes).
    Removing stm32f10x_tim.o(.text), (18 bytes).
    Removing stm32f10x_tim.o(.text), (26 bytes).
    Removing stm32f10x_tim.o(.text), (18 bytes).
    Removing stm32f10x_tim.o(.text), (26 bytes).
    Removing stm32f10x_tim.o(.text), (18 bytes).
    Removing stm32f10x_tim.o(.text), (26 bytes).
    Removing stm32f10x_tim.o(.text), (18 bytes).
    Removing stm32f10x_tim.o(.text), (26 bytes).
    Removing stm32f10x_tim.o(.text), (18 bytes).
    Removing stm32f10x_tim.o(.text), (24 bytes).
    Removing stm32f10x_tim.o(.text), (18 bytes).
    Removing stm32f10x_tim.o(.text), (24 bytes).
    Removing stm32f10x_tim.o(.text), (18 bytes).
    Removing stm32f10x_tim.o(.text), (18 bytes).
    Removing stm32f10x_tim.o(.text), (26 bytes).
    Removing stm32f10x_tim.o(.text), (26 bytes).
    Removing stm32f10x_tim.o(.text), (26 bytes).
    Removing stm32f10x_tim.o(.text), (26 bytes).
    Removing stm32f10x_tim.o(.text), (26 bytes).
    Removing stm32f10x_tim.o(.text), (26 bytes).
    Removing stm32f10x_tim.o(.text), (26 bytes).
    Removing stm32f10x_tim.o(.text), (134 bytes).
    Removing stm32f10x_tim.o(.text), (24 bytes).
    Removing stm32f10x_tim.o(.text), (24 bytes).
    Removing stm32f10x_tim.o(.text), (24 bytes).
    Removing stm32f10x_tim.o(.text), (18 bytes).
    Removing stm32f10x_tim.o(.text), (18 bytes).
    Removing stm32f10x_tim.o(.text), (18 bytes).
    Removing stm32f10x_tim.o(.text), (18 bytes).
    Removing stm32f10x_tim.o(.text), (4 bytes).
    Removing stm32f10x_tim.o(.text), (4 bytes).
    Removing stm32f10x_tim.o(.text), (4 bytes).
    Removing stm32f10x_tim.o(.text), (4 bytes).
    Removing stm32f10x_tim.o(.text), (4 bytes).
    Removing stm32f10x_tim.o(.text), (6 bytes).
    Removing stm32f10x_tim.o(.text), (14 bytes).
    Removing stm32f10x_tim.o(.text), (6 bytes).
    Removing stm32f10x_tim.o(.text), (6 bytes).
    Removing stm32f10x_tim.o(.text), (6 bytes).
    Removing stm32f10x_tim.o(.text), (8 bytes).
    Removing stm32f10x_tim.o(.text), (6 bytes).
    Removing stm32f10x_tim.o(.text), (6 bytes).
    Removing stm32f10x_tim.o(.text), (18 bytes).
    Removing stm32f10x_tim.o(.text), (6 bytes).
    Removing stm32f10x_tim.o(.text), (34 bytes).
    Removing stm32f10x_tim.o(.text), (6 bytes).
    Removing stm32f10x_usart.o(.text), (156 bytes).
    Removing stm32f10x_usart.o(.text), (24 bytes).
    Removing stm32f10x_usart.o(.text), (34 bytes).
    Removing stm32f10x_usart.o(.text), (12 bytes).
    Removing stm32f10x_usart.o(.text), (64 bytes).
    Removing stm32f10x_usart.o(.text), (18 bytes).
    Removing stm32f10x_usart.o(.text), (18 bytes).
    Removing stm32f10x_usart.o(.text), (18 bytes).
    Removing stm32f10x_usart.o(.text), (24 bytes).
    Removing stm32f10x_usart.o(.text), (18 bytes).
    Removing stm32f10x_usart.o(.text), (24 bytes).
    Removing stm32f10x_usart.o(.text), (10 bytes).
    Removing stm32f10x_usart.o(.text), (16 bytes).
    Removing stm32f10x_usart.o(.text), (16 bytes).
    Removing stm32f10x_usart.o(.text), (24 bytes).
    Removing stm32f10x_usart.o(.text), (24 bytes).
    Removing stm32f10x_usart.o(.text), (24 bytes).
    Removing stm32f10x_usart.o(.text), (18 bytes).
    Removing stm32f10x_usart.o(.text), (24 bytes).
    Removing stm32f10x_usart.o(.text), (6 bytes).
    Removing stm32f10x_usart.o(.text), (76 bytes).
    Removing stm32f10x_usart.o(.text), (20 bytes).
    Removing stm32f10x_wwdg.o(.text), (22 bytes).
    Removing stm32f10x_wwdg.o(.text), (24 bytes).
    Removing stm32f10x_wwdg.o(.text), (28 bytes).
    Removing stm32f10x_wwdg.o(.text), (12 bytes).
    Removing stm32f10x_wwdg.o(.text), (16 bytes).
    Removing stm32f10x_wwdg.o(.text), (16 bytes).
    Removing stm32f10x_wwdg.o(.text), (12 bytes).
    Removing stm32f10x_wwdg.o(.text), (12 bytes).
    Removing cortexm3_macro.o(.text), (122 bytes).
    Removing stm32f10x_vector.o(HEAP), (0 bytes).

427 unused section(s) (total 15682 bytes) removed from the image.

==============================================================================

Image Symbol Table

    Local Symbols

    Symbol Name                              Value     Ov Type        Size  Object(Section)

    ../clib/microlib/init/entry.s            0x00000000   Number         0  entry10b.o ABSOLUTE
    ../clib/microlib/init/entry.s            0x00000000   Number         0  entry9a.o ABSOLUTE
    ../clib/microlib/init/entry.s            0x00000000   Number         0  entry8b.o ABSOLUTE
    ../clib/microlib/init/entry.s            0x00000000   Number         0  entry8a.o ABSOLUTE
    ../clib/microlib/init/entry.s            0x00000000   Number         0  entry9b.o ABSOLUTE
    ../clib/microlib/init/entry.s            0x00000000   Number         0  entry11b.o ABSOLUTE
    ../clib/microlib/init/entry.s            0x00000000   Number         0  entry7b.o ABSOLUTE
    ../clib/microlib/init/entry.s            0x00000000   Number         0  entry.o ABSOLUTE
    ../clib/microlib/init/entry.s            0x00000000   Number         0  entry2.o ABSOLUTE
    ../clib/microlib/init/entry.s            0x00000000   Number         0  entry7a.o ABSOLUTE
    ../clib/microlib/init/entry.s            0x00000000   Number         0  entry5.o ABSOLUTE
    ../clib/microlib/init/entry.s            0x00000000   Number         0  entry10a.o ABSOLUTE
    ../clib/microlib/init/entry.s            0x00000000   Number         0  entry11a.o ABSOLUTE
    FWLib\stm32f10x_adc.c                    0x00000000   Number         0  stm32f10x_adc.o ABSOLUTE
    FWLib\stm32f10x_bkp.c                    0x00000000   Number         0  stm32f10x_bkp.o ABSOLUTE
    FWLib\stm32f10x_can.c                    0x00000000   Number         0  stm32f10x_can.o ABSOLUTE
    FWLib\stm32f10x_crc.c                    0x00000000   Number         0  stm32f10x_crc.o ABSOLUTE
    FWLib\stm32f10x_dac.c                    0x00000000   Number         0  stm32f10x_dac.o ABSOLUTE
    FWLib\stm32f10x_dbgmcu.c                 0x00000000   Number         0  stm32f10x_dbgmcu.o ABSOLUTE
    FWLib\stm32f10x_dma.c                    0x00000000   Number         0  stm32f10x_dma.o ABSOLUTE
    FWLib\stm32f10x_exti.c                   0x00000000   Number         0  stm32f10x_exti.o ABSOLUTE
    FWLib\stm32f10x_flash.c                  0x00000000   Number         0  stm32f10x_flash.o ABSOLUTE
    FWLib\stm32f10x_fsmc.c                   0x00000000   Number         0  stm32f10x_fsmc.o ABSOLUTE
    FWLib\stm32f10x_gpio.c                   0x00000000   Number         0  stm32f10x_gpio.o ABSOLUTE
    FWLib\stm32f10x_i2c.c                    0x00000000   Number         0  stm32f10x_i2c.o ABSOLUTE
    FWLib\stm32f10x_iwdg.c                   0x00000000   Number         0  stm32f10x_iwdg.o ABSOLUTE
    FWLib\stm32f10x_lib.c                    0x00000000   Number         0  stm32f10x_lib.o ABSOLUTE
    FWLib\stm32f10x_nvic.c                   0x00000000   Number         0  stm32f10x_nvic.o ABSOLUTE
    FWLib\stm32f10x_pwr.c                    0x00000000   Number         0  stm32f10x_pwr.o ABSOLUTE
    FWLib\stm32f10x_rcc.c                    0x00000000   Number         0  stm32f10x_rcc.o ABSOLUTE
    FWLib\stm32f10x_rtc.c                    0x00000000   Number         0  stm32f10x_rtc.o ABSOLUTE
    FWLib\stm32f10x_sdio.c                   0x00000000   Number         0  stm32f10x_sdio.o ABSOLUTE
    FWLib\stm32f10x_spi.c                    0x00000000   Number         0  stm32f10x_spi.o ABSOLUTE
    FWLib\stm32f10x_systick.c                0x00000000   Number         0  stm32f10x_systick.o ABSOLUTE
    FWLib\stm32f10x_tim.c                    0x00000000   Number         0  stm32f10x_tim.o ABSOLUTE
    FWLib\stm32f10x_usart.c                  0x00000000   Number         0  stm32f10x_usart.o ABSOLUTE
    FWLib\stm32f10x_wwdg.c                   0x00000000   Number         0  stm32f10x_wwdg.o ABSOLUTE
    RVMDK\cortexm3_macro.s                   0x00000000   Number         0  cortexm3_macro.o ABSOLUTE
    RVMDK\stm32f10x_vector.s                 0x00000000   Number         0  stm32f10x_vector.o ABSOLUTE
    Soure\CBase.c                            0x00000000   Number         0  cbase.o ABSOLUTE
    Soure\Led.c                              0x00000000   Number         0  led.o ABSOLUTE
    Soure\UART.c                             0x00000000   Number         0  uart.o ABSOLUTE
    Soure\main.c                             0x00000000   Number         0  main.o ABSOLUTE
    Soure\stm32f10x_it.c                     0x00000000   Number         0  stm32f10x_it.o ABSOLUTE
    dc.s                                     0x00000000   Number         0  dc.o ABSOLUTE
    handlers.s                               0x00000000   Number         0  handlers.o ABSOLUTE
    init.s                                   0x00000000   Number         0  init.o ABSOLUTE
    RESET                                    0x08000000   Section      304  stm32f10x_vector.o(RESET)
    .ARM.Collect$$$$00000000                 0x08000130   Section        0  entry.o(.ARM.Collect$$$$00000000)
    .ARM.Collect$$$$00000001                 0x08000130   Section        4  entry2.o(.ARM.Collect$$$$00000001)
    .ARM.Collect$$$$00000004                 0x08000134   Section        4  entry5.o(.ARM.Collect$$$$00000004)
    .ARM.Collect$$$$00000008                 0x08000138   Section        0  entry7b.o(.ARM.Collect$$$$00000008)
    .ARM.Collect$$$$0000000A                 0x08000138   Section        0  entry8b.o(.ARM.Collect$$$$0000000A)
    .ARM.Collect$$$$0000000B                 0x08000138   Section        8  entry9a.o(.ARM.Collect$$$$0000000B)
    .ARM.Collect$$$$0000000D                 0x08000140   Section        0  entry10a.o(.ARM.Collect$$$$0000000D)
    .ARM.Collect$$$$0000000F                 0x08000140   Section        0  entry11a.o(.ARM.Collect$$$$0000000F)
    .ARM.Collect$$$$00002712                 0x08000140   Section        4  entry2.o(.ARM.Collect$$$$00002712)
    __lit__00000000                          0x08000140   Data           4  entry2.o(.ARM.Collect$$$$00002712)
    .text                                    0x08000144   Section        0  main.o(.text)
    .text                                    0x080001d4   Section        0  stm32f10x_it.o(.text)
    .text                                    0x08000268   Section        0  led.o(.text)
    .text                                    0x08000328   Section        0  cbase.o(.text)
    .text                                    0x08000358   Section        0  uart.o(.text)
    .text                                    0x08000500   Section        0  stm32f10x_flash.o(.text)
    .text                                    0x08000530   Section        0  stm32f10x_gpio.o(.text)
    .text                                    0x08000650   Section        0  stm32f10x_nvic.o(.text)
    .text                                    0x08000664   Section        0  stm32f10x_rcc.o(.text)
    .text                                    0x080008dc   Section        0  stm32f10x_usart.o(.text)
    .text                                    0x080009b4   Section        8  stm32f10x_vector.o(.text)
    .text                                    0x080009bc   Section       36  init.o(.text)
    i.__scatterload_copy                     0x080009e0   Section       14  handlers.o(i.__scatterload_copy)
    i.__scatterload_null                     0x080009ee   Section        2  handlers.o(i.__scatterload_null)
    i.__scatterload_zeroinit                 0x080009f0   Section       14  handlers.o(i.__scatterload_zeroinit)
    .constdata                               0x080009fe   Section       20  stm32f10x_rcc.o(.constdata)
    APBAHBPrescTable                         0x080009fe   Data          16  stm32f10x_rcc.o(.constdata)
    ADCPrescTable                            0x08000a0e   Data           4  stm32f10x_rcc.o(.constdata)
    STACK                                    0x20000000   Section     1024  stm32f10x_vector.o(STACK)

    Global Symbols

    Symbol Name                              Value     Ov Type        Size  Object(Section)

    BuildAttributes$$THM_ISAv4$P$D$K$B$S$PE$A:L22UL41UL21$X:L11$S22US41US21$IEEE1$IW$USESV6$~STKCKD$USESV7$~SHL$OSPACE$EBA8$MICROLIB$REQ8$PRES8$EABIv2 0x00000000   Number         0  anon$$obj.o ABSOLUTE
    __ARM_use_no_argv                        0x00000000   Number         0  main.o ABSOLUTE
    __cpp_initialize__aeabi_                  - Undefined Weak Reference
    __cxa_finalize                            - Undefined Weak Reference
    __decompress                              - Undefined Weak Reference
    _clock_init                               - Undefined Weak Reference
    _microlib_exit                            - Undefined Weak Reference
    __Vectors                                0x08000000   Data           4  stm32f10x_vector.o(RESET)
    __main                                   0x08000131   Thumb Code     0  entry.o(.ARM.Collect$$$$00000000)
    _main_stk                                0x08000131   Thumb Code     0  entry2.o(.ARM.Collect$$$$00000001)
    _main_scatterload                        0x08000135   Thumb Code     0  entry5.o(.ARM.Collect$$$$00000004)
    __main_after_scatterload                 0x08000139   Thumb Code     0  entry5.o(.ARM.Collect$$$$00000004)
    _main_clock                              0x08000139   Thumb Code     0  entry7b.o(.ARM.Collect$$$$00000008)
    _main_cpp_init                           0x08000139   Thumb Code     0  entry8b.o(.ARM.Collect$$$$0000000A)
    _main_init                               0x08000139   Thumb Code     0  entry9a.o(.ARM.Collect$$$$0000000B)
    __rt_final_cpp                           0x08000141   Thumb Code     0  entry10a.o(.ARM.Collect$$$$0000000D)
    __rt_final_exit                          0x08000141   Thumb Code     0  entry11a.o(.ARM.Collect$$$$0000000F)
    RCC_Configuration                        0x08000145   Thumb Code    98  main.o(.text)
    NVIC_Configuration                       0x080001a7   Thumb Code    14  main.o(.text)
    SystemInit                               0x080001b5   Thumb Code    20  main.o(.text)
    main                                     0x080001c9   Thumb Code    12  main.o(.text)
    NMIException                             0x080001d5   Thumb Code     2  stm32f10x_it.o(.text)
    HardFaultException                       0x080001d7   Thumb Code     4  stm32f10x_it.o(.text)
    MemManageException                       0x080001db   Thumb Code     4  stm32f10x_it.o(.text)
    BusFaultException                        0x080001df   Thumb Code     4  stm32f10x_it.o(.text)
    UsageFaultException                      0x080001e3   Thumb Code     4  stm32f10x_it.o(.text)
    DebugMonitor                             0x080001e7   Thumb Code     2  stm32f10x_it.o(.text)
    SVCHandler                               0x080001e9   Thumb Code     2  stm32f10x_it.o(.text)
    PendSVC                                  0x080001eb   Thumb Code     2  stm32f10x_it.o(.text)
    WWDG_IRQHandler                          0x080001ed   Thumb Code     2  stm32f10x_it.o(.text)
    PVD_IRQHandler                           0x080001ef   Thumb Code     2  stm32f10x_it.o(.text)
    TAMPER_IRQHandler                        0x080001f1   Thumb Code     2  stm32f10x_it.o(.text)
    RTC_IRQHandler                           0x080001f3   Thumb Code     2  stm32f10x_it.o(.text)
    FLASH_IRQHandler                         0x080001f5   Thumb Code     2  stm32f10x_it.o(.text)
    RCC_IRQHandler                           0x080001f7   Thumb Code     2  stm32f10x_it.o(.text)
    EXTI0_IRQHandler                         0x080001f9   Thumb Code     2  stm32f10x_it.o(.text)
    EXTI1_IRQHandler                         0x080001fb   Thumb Code     2  stm32f10x_it.o(.text)
    EXTI2_IRQHandler                         0x080001fd   Thumb Code     2  stm32f10x_it.o(.text)
    EXTI3_IRQHandler                         0x080001ff   Thumb Code     2  stm32f10x_it.o(.text)
    EXTI4_IRQHandler                         0x08000201   Thumb Code     2  stm32f10x_it.o(.text)
    DMA1_Channel1_IRQHandler                 0x08000203   Thumb Code     2  stm32f10x_it.o(.text)
    DMA1_Channel2_IRQHandler                 0x08000205   Thumb Code     2  stm32f10x_it.o(.text)
    DMA1_Channel3_IRQHandler                 0x08000207   Thumb Code     2  stm32f10x_it.o(.text)
    DMA1_Channel4_IRQHandler                 0x08000209   Thumb Code     2  stm32f10x_it.o(.text)
    DMA1_Channel5_IRQHandler                 0x0800020b   Thumb Code     2  stm32f10x_it.o(.text)
    DMA1_Channel6_IRQHandler                 0x0800020d   Thumb Code     2  stm32f10x_it.o(.text)
    DMA1_Channel7_IRQHandler                 0x0800020f   Thumb Code     2  stm32f10x_it.o(.text)
    ADC1_2_IRQHandler                        0x08000211   Thumb Code     2  stm32f10x_it.o(.text)
    USB_HP_CAN_TX_IRQHandler                 0x08000213   Thumb Code     2  stm32f10x_it.o(.text)
    USB_LP_CAN_RX0_IRQHandler                0x08000215   Thumb Code     2  stm32f10x_it.o(.text)
    CAN_RX1_IRQHandler                       0x08000217   Thumb Code     2  stm32f10x_it.o(.text)
    CAN_SCE_IRQHandler                       0x08000219   Thumb Code     2  stm32f10x_it.o(.text)
    EXTI9_5_IRQHandler                       0x0800021b   Thumb Code     2  stm32f10x_it.o(.text)
    TIM1_BRK_IRQHandler                      0x0800021d   Thumb Code     2  stm32f10x_it.o(.text)
    TIM1_UP_IRQHandler                       0x0800021f   Thumb Code     2  stm32f10x_it.o(.text)
    TIM1_TRG_COM_IRQHandler                  0x08000221   Thumb Code     2  stm32f10x_it.o(.text)
    TIM1_CC_IRQHandler                       0x08000223   Thumb Code     2  stm32f10x_it.o(.text)
    TIM2_IRQHandler                          0x08000225   Thumb Code     2  stm32f10x_it.o(.text)
    TIM3_IRQHandler                          0x08000227   Thumb Code     2  stm32f10x_it.o(.text)
    TIM4_IRQHandler                          0x08000229   Thumb Code     2  stm32f10x_it.o(.text)
    I2C1_EV_IRQHandler                       0x0800022b   Thumb Code     2  stm32f10x_it.o(.text)
    I2C1_ER_IRQHandler                       0x0800022d   Thumb Code     2  stm32f10x_it.o(.text)
    I2C2_EV_IRQHandler                       0x0800022f   Thumb Code     2  stm32f10x_it.o(.text)
    I2C2_ER_IRQHandler                       0x08000231   Thumb Code     2  stm32f10x_it.o(.text)
    SPI1_IRQHandler                          0x08000233   Thumb Code     2  stm32f10x_it.o(.text)
    SPI2_IRQHandler                          0x08000235   Thumb Code     2  stm32f10x_it.o(.text)
    USART1_IRQHandler                        0x08000237   Thumb Code     2  stm32f10x_it.o(.text)
    USART2_IRQHandler                        0x08000239   Thumb Code     2  stm32f10x_it.o(.text)
    USART3_IRQHandler                        0x0800023b   Thumb Code     2  stm32f10x_it.o(.text)
    EXTI15_10_IRQHandler                     0x0800023d   Thumb Code     2  stm32f10x_it.o(.text)
    RTCAlarm_IRQHandler                      0x0800023f   Thumb Code     2  stm32f10x_it.o(.text)
    USBWakeUp_IRQHandler                     0x08000241   Thumb Code     2  stm32f10x_it.o(.text)
    TIM8_BRK_IRQHandler                      0x08000243   Thumb Code     2  stm32f10x_it.o(.text)
    TIM8_UP_IRQHandler                       0x08000245   Thumb Code     2  stm32f10x_it.o(.text)
    TIM8_TRG_COM_IRQHandler                  0x08000247   Thumb Code     2  stm32f10x_it.o(.text)
    TIM8_CC_IRQHandler                       0x08000249   Thumb Code     2  stm32f10x_it.o(.text)
    ADC3_IRQHandler                          0x0800024b   Thumb Code     2  stm32f10x_it.o(.text)
    FSMC_IRQHandler                          0x0800024d   Thumb Code     2  stm32f10x_it.o(.text)
    SDIO_IRQHandler                          0x0800024f   Thumb Code     2  stm32f10x_it.o(.text)
    TIM5_IRQHandler                          0x08000251   Thumb Code     2  stm32f10x_it.o(.text)
    SPI3_IRQHandler                          0x08000253   Thumb Code     2  stm32f10x_it.o(.text)
    UART4_IRQHandler                         0x08000255   Thumb Code     2  stm32f10x_it.o(.text)
    UART5_IRQHandler                         0x08000257   Thumb Code     2  stm32f10x_it.o(.text)
    TIM6_IRQHandler                          0x08000259   Thumb Code     2  stm32f10x_it.o(.text)
    TIM7_IRQHandler                          0x0800025b   Thumb Code     2  stm32f10x_it.o(.text)
    DMA2_Channel1_IRQHandler                 0x0800025d   Thumb Code     2  stm32f10x_it.o(.text)
    DMA2_Channel2_IRQHandler                 0x0800025f   Thumb Code     2  stm32f10x_it.o(.text)
    DMA2_Channel3_IRQHandler                 0x08000261   Thumb Code     2  stm32f10x_it.o(.text)
    DMA2_Channel4_5_IRQHandler               0x08000263   Thumb Code     2  stm32f10x_it.o(.text)
    SysTickHandler                           0x08000265   Thumb Code     2  stm32f10x_it.o(.text)
    LedOutput                                0x08000269   Thumb Code   108  led.o(.text)
    LedOff                                   0x080002d5   Thumb Code    36  led.o(.text)
    LedInit                                  0x080002f9   Thumb Code    44  led.o(.text)
    DelayNuS                                 0x08000329   Thumb Code    24  cbase.o(.text)
    DelayNmS                                 0x08000341   Thumb Code    22  cbase.o(.text)
    UART3Init                                0x08000359   Thumb Code   154  uart.o(.text)
    UART3SendByte                            0x080003f3   Thumb Code    72  uart.o(.text)
    UART3GetByte                             0x0800043b   Thumb Code    74  uart.o(.text)
    RS485_Test                               0x08000485   Thumb Code   112  uart.o(.text)
    FLASH_SetLatency                         0x08000501   Thumb Code    22  stm32f10x_flash.o(.text)
    FLASH_PrefetchBufferCmd                  0x08000517   Thumb Code    22  stm32f10x_flash.o(.text)
    GPIO_Init                                0x08000531   Thumb Code   278  stm32f10x_gpio.o(.text)
    GPIO_SetBits                             0x08000647   Thumb Code     4  stm32f10x_gpio.o(.text)
    GPIO_ResetBits                           0x0800064b   Thumb Code     4  stm32f10x_gpio.o(.text)
    NVIC_SetVectorTable                      0x08000651   Thumb Code    12  stm32f10x_nvic.o(.text)
    RCC_DeInit                               0x08000665   Thumb Code    62  stm32f10x_rcc.o(.text)
    RCC_HSEConfig                            0x080006a3   Thumb Code    70  stm32f10x_rcc.o(.text)
    RCC_GetFlagStatus                        0x080006e9   Thumb Code    56  stm32f10x_rcc.o(.text)
    RCC_WaitForHSEStartUp                    0x08000721   Thumb Code    54  stm32f10x_rcc.o(.text)
    RCC_PLLConfig                            0x08000757   Thumb Code    24  stm32f10x_rcc.o(.text)
    RCC_PLLCmd                               0x0800076f   Thumb Code     6  stm32f10x_rcc.o(.text)
    RCC_SYSCLKConfig                         0x08000775   Thumb Code    18  stm32f10x_rcc.o(.text)
    RCC_GetSYSCLKSource                      0x08000787   Thumb Code    10  stm32f10x_rcc.o(.text)
    RCC_HCLKConfig                           0x08000791   Thumb Code    18  stm32f10x_rcc.o(.text)
    RCC_PCLK1Config                          0x080007a3   Thumb Code    18  stm32f10x_rcc.o(.text)
    RCC_PCLK2Config                          0x080007b5   Thumb Code    20  stm32f10x_rcc.o(.text)
    RCC_GetClocksFreq                        0x080007c9   Thumb Code   192  stm32f10x_rcc.o(.text)
    RCC_APB2PeriphClockCmd                   0x08000889   Thumb Code    26  stm32f10x_rcc.o(.text)
    RCC_APB1PeriphClockCmd                   0x080008a3   Thumb Code    26  stm32f10x_rcc.o(.text)
    USART_Init                               0x080008dd   Thumb Code   150  stm32f10x_usart.o(.text)
    USART_Cmd                                0x08000973   Thumb Code    24  stm32f10x_usart.o(.text)
    USART_SendData                           0x0800098b   Thumb Code     8  stm32f10x_usart.o(.text)
    USART_ReceiveData                        0x08000993   Thumb Code    10  stm32f10x_usart.o(.text)
    USART_GetFlagStatus                      0x0800099d   Thumb Code    18  stm32f10x_usart.o(.text)
    Reset_Handler                            0x080009b5   Thumb Code     4  stm32f10x_vector.o(.text)
    __scatterload                            0x080009bd   Thumb Code    28  init.o(.text)
    __scatterload_rt2                        0x080009bd   Thumb Code     0  init.o(.text)
    __scatterload_copy                       0x080009e1   Thumb Code    14  handlers.o(i.__scatterload_copy)
    __scatterload_null                       0x080009ef   Thumb Code     2  handlers.o(i.__scatterload_null)
    __scatterload_zeroinit                   0x080009f1   Thumb Code    14  handlers.o(i.__scatterload_zeroinit)
    Region$$Table$$Base                      0x08000a14   Number         0  anon$$obj.o(Region$$Table)
    Region$$Table$$Limit                     0x08000a24   Number         0  anon$$obj.o(Region$$Table)
    __initial_sp                             0x20000400   Data           0  stm32f10x_vector.o(STACK)



==============================================================================

Memory Map of the image

  Image Entry point : 0x08000131

  Load Region LR_IROM1 (Base: 0x08000000, Size: 0x00000a24, Max: 0x00080000, ABSOLUTE)

    Execution Region ER_IROM1 (Base: 0x08000000, Size: 0x00000a24, Max: 0x00080000, ABSOLUTE)

    Base Addr    Size         Type   Attr      Idx    E Section Name        Object

    0x08000000   0x00000130   Data   RO         2968    RESET               stm32f10x_vector.o
    0x08000130   0x00000000   Code   RO         2973  * .ARM.Collect$$$$00000000  mc_w.l(entry.o)
    0x08000130   0x00000004   Code   RO         2976    .ARM.Collect$$$$00000001  mc_w.l(entry2.o)
    0x08000134   0x00000004   Code   RO         2979    .ARM.Collect$$$$00000004  mc_w.l(entry5.o)
    0x08000138   0x00000000   Code   RO         2981    .ARM.Collect$$$$00000008  mc_w.l(entry7b.o)
    0x08000138   0x00000000   Code   RO         2983    .ARM.Collect$$$$0000000A  mc_w.l(entry8b.o)
    0x08000138   0x00000008   Code   RO         2984    .ARM.Collect$$$$0000000B  mc_w.l(entry9a.o)
    0x08000140   0x00000000   Code   RO         2986    .ARM.Collect$$$$0000000D  mc_w.l(entry10a.o)
    0x08000140   0x00000000   Code   RO         2988    .ARM.Collect$$$$0000000F  mc_w.l(entry11a.o)
    0x08000140   0x00000004   Code   RO         2977    .ARM.Collect$$$$00002712  mc_w.l(entry2.o)
    0x08000144   0x00000090   Code   RO            1    .text               main.o
    0x080001d4   0x00000092   Code   RO          106    .text               stm32f10x_it.o
    0x08000266   0x00000002   PAD
    0x08000268   0x000000c0   Code   RO          121    .text               led.o
    0x08000328   0x0000002e   Code   RO          139    .text               cbase.o
    0x08000356   0x00000002   PAD
    0x08000358   0x000001a8   Code   RO          151    .text               uart.o
    0x08000500   0x00000030   Code   RO          873    .text               stm32f10x_flash.o
    0x08000530   0x0000011e   Code   RO         1019    .text               stm32f10x_gpio.o
    0x0800064e   0x00000002   PAD
    0x08000650   0x00000014   Code   RO         1419    .text               stm32f10x_nvic.o
    0x08000664   0x00000278   Code   RO         1647    .text               stm32f10x_rcc.o
    0x080008dc   0x000000d8   Code   RO         2765    .text               stm32f10x_usart.o
    0x080009b4   0x00000008   Code   RO         2969    .text               stm32f10x_vector.o
    0x080009bc   0x00000024   Code   RO         2990    .text               mc_w.l(init.o)
    0x080009e0   0x0000000e   Code   RO         2994    i.__scatterload_copy  mc_w.l(handlers.o)
    0x080009ee   0x00000002   Code   RO         2995    i.__scatterload_null  mc_w.l(handlers.o)
    0x080009f0   0x0000000e   Code   RO         2996    i.__scatterload_zeroinit  mc_w.l(handlers.o)
    0x080009fe   0x00000014   Data   RO         1666    .constdata          stm32f10x_rcc.o
    0x08000a12   0x00000002   PAD
    0x08000a14   0x00000010   Data   RO         2992    Region$$Table       anon$$obj.o


    Execution Region RW_IRAM1 (Base: 0x20000000, Size: 0x00000400, Max: 0x00010000, ABSOLUTE)

    Base Addr    Size         Type   Attr      Idx    E Section Name        Object

    0x20000000   0x00000400   Zero   RW         2966    STACK               stm32f10x_vector.o


==============================================================================

Image component sizes


      Code (inc. data)   RO Data    RW Data    ZI Data      Debug   Object Name

        46          0          0          0          0        728   cbase.o
         0          0          0          0          0         32   cortexm3_macro.o
       192          4          0          0          0        871   led.o
       144          0          0          0          0      16171   main.o
         0          0          0          0          0     183864   stm32f10x_adc.o
        48          4          0          0          0        683   stm32f10x_flash.o
       286          0          0          0          0       8472   stm32f10x_gpio.o
       146          0          0          0          0       7384   stm32f10x_it.o
         0          0          0          0          0       6192   stm32f10x_lib.o
        20          8          0          0          0        546   stm32f10x_nvic.o
       632         32         20          0          0       5708   stm32f10x_rcc.o
       216          6          0          0          0       2864   stm32f10x_usart.o
         8          4        304          0       1024        368   stm32f10x_vector.o
       424         12          0          0          0       1302   uart.o

    ----------------------------------------------------------------------
      2168         70        342          0       1024     235185   Object Totals
         0          0         16          0          0          0   (incl. Generated)
         6          0          2          0          0          0   (incl. Padding)

    ----------------------------------------------------------------------

      Code (inc. data)   RO Data    RW Data    ZI Data      Debug   Library Member Name

         0          0          0          0          0          0   entry.o
         0          0          0          0          0          0   entry10a.o
         0          0          0          0          0          0   entry11a.o
         8          4          0          0          0          0   entry2.o
         4          0          0          0          0          0   entry5.o
         0          0          0          0          0          0   entry7b.o
         0          0          0          0          0          0   entry8b.o
         8          4          0          0          0          0   entry9a.o
        30          0          0          0          0          0   handlers.o
        36          8          0          0          0         68   init.o

    ----------------------------------------------------------------------
        86         16          0          0          0         68   Library Totals
         0          0          0          0          0          0   (incl. Padding)

    ----------------------------------------------------------------------

      Code (inc. data)   RO Data    RW Data    ZI Data      Debug   Library Name

        86         16          0          0          0         68   mc_w.l

    ----------------------------------------------------------------------
        86         16          0          0          0         68   Library Totals

    ----------------------------------------------------------------------

==============================================================================


      Code (inc. data)   RO Data    RW Data    ZI Data      Debug   

      2254         86        342          0       1024     234781   Grand Totals
      2254         86        342          0       1024     234781   ELF Image Totals
      2254         86        342          0          0          0   ROM Totals

==============================================================================

    Total RO  Size (Code + RO Data)                 2596 (   2.54kB)
    Total RW  Size (RW Data + ZI Data)              1024 (   1.00kB)
    Total ROM Size (Code + RO Data + RW Data)       2596 (   2.54kB)

==============================================================================

