<html>
<body>
<pre>
<h1>礦ision Build Log</h1>
<h2>Tool Versions:</h2>
IDE-Version: μVision V5.14.0.0
Copyright (C) 2015 ARM Ltd and ARM Germany GmbH. All rights reserved.
License Information: 11 11, 11, LIC=X1EQD-8XG7F-GNXA5-G7R51-ZGP9I-KL75T
 
Tool Versions:
Toolchain:       MDK-ARM Professional  Version: 5.14.0.0
Toolchain Path:  F:\KILE5\abc\ARM\ARMCC\Bin
C Compiler:      Armcc.exe V5.05 update 1 (build 106)
Assembler:       Armasm.exe V5.05 update 1 (build 106)
Linker/Locator:  ArmLink.exe V5.05 update 1 (build 106)
Library Manager: ArmAr.exe V5.05 update 1 (build 106)
Hex Converter:   FromElf.exe V5.05 update 1 (build 106)
CPU DLL:         SARMCM3.DLL V5.14.0.0
Dialog DLL:      DARMSTM.DLL V1.65.0.0
Target DLL:      Segger\JL2CM3.dll V2.99.13.0
Dialog DLL:      TARMSTM.DLL V1.64.0.0
 
<h2>Project:</h2>
C:\Users\lenovo\Desktop\Test\电法项目MCU_PCB测试程序\1.LED(1)\USER\LED.uvprojx
Project File Date:  04/05/2017

<h2>Output:</h2>
Build target 'LED'
compiling system_stm32f10x.c...
compiling main.c...
main.c(21): warning:  #1-D: last line of file ends without a newline
        
main.c: 1 warning, 0 errors
compiling stm32f10x_it.c...
assembling startup_stm32f10x_hd_vl.s...
compiling core_cm3.c...
compiling stm32f10x_usart.c...
compiling misc.c...
compiling stm32f10x_exti.c...
compiling stm32f10x_gpio.c...
compiling stm32f10x_rcc.c...
compiling delay.c...
compiling sys.c...
compiling usart.c...
compiling led.c...
linking...
Program Size: Code=1568 RO-data=340 RW-data=32 ZI-data=1832  
FromELF: creating hex file...
"..\OBJ\LED.axf" - 0 Error(s), 1 Warning(s).

<h2>Collection of Component include folders:</h2>
  C:\Users\lenovo\Desktop\Test\电法项目MCU_PCB测试程序\1.LED(1)\USER\RTE
  F:\KILE5\abc\ARM\PACK\Keil\STM32F1xx_DFP\1.0.5\Device\Include

<h2>Collection of Component Files used:</h2>
</pre>
</body>
</html>
