<html>
<body>
<pre>
<h1>礦ision Build Log</h1>
<h2>Project:</h2>
D:\1.STM32学习资料\原子迷你开发板配套资料\ALIENTEK MiniSTM32开发板资料_最新\4，程序源码\2，标准例程-V3.5库函数版本\ALIENTEK MINISTM32 实验3 串口实验\USER\USART.uvproj
Project File Date:  08/11/2015

<h2>Output:</h2>
Build target 'Target 1'
linking...
Program Size: Code=4964 RO-data=336 RW-data=52 ZI-data=1836  
FromELF: creating hex file...
"..\OBJ\USART.axf" - 0 Errors, 0 Warning(s).
Build target 'Target 1'
compiling main.c...
compiling led.c...
compiling usart.c...
linking...
Program Size: Code=4956 RO-data=336 RW-data=52 ZI-data=1836  
FromELF: creating hex file...
"..\OBJ\USART.axf" - 0 Errors, 0 Warning(s).
Build target 'Target 1'
compiling main.c...
linking...
Program Size: Code=4980 RO-data=336 RW-data=52 ZI-data=1836  
FromELF: creating hex file...
"..\OBJ\USART.axf" - 0 Errors, 0 Warning(s).
