Component: ARM Compiler 5.05 update 1 (build 106) Tool: armlink [4d0efa]

==============================================================================

Section Cross References

    main.o(i.Gps_Msg_Show) refers to _printf_pad.o(.text) for _printf_pre_padding
    main.o(i.Gps_Msg_Show) refers to _printf_percent.o(.ARM.Collect$$_printf_percent$$00000000) for _printf_percent
    main.o(i.Gps_Msg_Show) refers to _printf_f.o(.ARM.Collect$$_printf_percent$$00000003) for _printf_f
    main.o(i.Gps_Msg_Show) refers to _printf_c.o(.ARM.Collect$$_printf_percent$$00000013) for _printf_c
    main.o(i.Gps_Msg_Show) refers to printf1.o(x$fpl$printf1) for _printf_fp_dec
    main.o(i.Gps_Msg_Show) refers to _printf_str.o(.text) for _printf_str
    main.o(i.Gps_Msg_Show) refers to _printf_s.o(.ARM.Collect$$_printf_percent$$00000014) for _printf_s
    main.o(i.Gps_Msg_Show) refers to _printf_d.o(.ARM.Collect$$_printf_percent$$00000009) for _printf_d
    main.o(i.Gps_Msg_Show) refers to _printf_dec.o(.text) for _printf_int_dec
    main.o(i.Gps_Msg_Show) refers to fflt_clz.o(x$fpl$ffltu) for __aeabi_ui2f
    main.o(i.Gps_Msg_Show) refers to fdiv.o(x$fpl$fdiv) for __aeabi_fdiv
    main.o(i.Gps_Msg_Show) refers to f2d.o(x$fpl$f2d) for __aeabi_f2d
    main.o(i.Gps_Msg_Show) refers to __2sprintf.o(.text) for __2sprintf
    main.o(i.Gps_Msg_Show) refers to __2printf.o(.text) for __2printf
    main.o(i.Gps_Msg_Show) refers to fflt_clz.o(x$fpl$fflt) for __aeabi_i2f
    main.o(i.Gps_Msg_Show) refers to main.o(.bss) for gpsx
    main.o(i.Gps_Msg_Show) refers to main.o(.data) for fixmode_tbl
    main.o(i.main) refers to _printf_percent.o(.ARM.Collect$$_printf_percent$$00000000) for _printf_percent
    main.o(i.main) refers to _printf_s.o(.ARM.Collect$$_printf_percent$$00000014) for _printf_s
    main.o(i.main) refers to _printf_str.o(.text) for _printf_str
    main.o(i.main) refers to delay.o(i.delay_init) for delay_init
    main.o(i.main) refers to misc.o(i.NVIC_PriorityGroupConfig) for NVIC_PriorityGroupConfig
    main.o(i.main) refers to usart.o(i.uart_init) for uart_init
    main.o(i.main) refers to __2printf.o(.text) for __2printf
    main.o(i.main) refers to usart4.o(i.USART4_Init) for USART4_Init
    main.o(i.main) refers to led.o(i.LED_Init) for LED_Init
    main.o(i.main) refers to gps.o(i.SkyTra_Cfg_Rate) for SkyTra_Cfg_Rate
    main.o(i.main) refers to gps.o(i.SkyTra_Cfg_Prt) for SkyTra_Cfg_Prt
    main.o(i.main) refers to gps.o(i.SkyTra_Cfg_Tp) for SkyTra_Cfg_Tp
    main.o(i.main) refers to delay.o(i.delay_ms) for delay_ms
    main.o(i.main) refers to gps.o(i.GPS_Analysis) for GPS_Analysis
    main.o(i.main) refers to main.o(i.Gps_Msg_Show) for Gps_Msg_Show
    main.o(i.main) refers to usart4.o(.data) for USART4_RX_STA
    main.o(i.main) refers to usart4.o(.bss) for USART4_RX_BUF
    main.o(i.main) refers to main.o(.bss) for USART1_TX_BUF
    main.o(.data) refers to main.o(.conststring) for .conststring
    system_stm32f10x.o(i.SetSysClock) refers to system_stm32f10x.o(i.SetSysClockTo72) for SetSysClockTo72
    system_stm32f10x.o(i.SystemCoreClockUpdate) refers to system_stm32f10x.o(.data) for SystemCoreClock
    system_stm32f10x.o(i.SystemInit) refers to system_stm32f10x.o(i.SetSysClock) for SetSysClock
    delay.o(i.delay_init) refers to misc.o(i.SysTick_CLKSourceConfig) for SysTick_CLKSourceConfig
    delay.o(i.delay_init) refers to system_stm32f10x.o(.data) for SystemCoreClock
    delay.o(i.delay_init) refers to delay.o(.data) for fac_us
    delay.o(i.delay_ms) refers to delay.o(.data) for fac_ms
    delay.o(i.delay_us) refers to delay.o(.data) for fac_us
    usart.o(i.USART1_IRQHandler) refers (Special) to use_no_semi_2.o(.text) for __use_no_semihosting
    usart.o(i.USART1_IRQHandler) refers to stm32f10x_usart.o(i.USART_GetITStatus) for USART_GetITStatus
    usart.o(i.USART1_IRQHandler) refers to stm32f10x_usart.o(i.USART_ReceiveData) for USART_ReceiveData
    usart.o(i.USART1_IRQHandler) refers to usart.o(.data) for USART_RX_STA
    usart.o(i.USART1_IRQHandler) refers to usart.o(.bss) for USART_RX_BUF
    usart.o(i._sys_exit) refers (Special) to use_no_semi_2.o(.text) for __use_no_semihosting
    usart.o(i.fputc) refers (Special) to use_no_semi_2.o(.text) for __use_no_semihosting
    usart.o(i.uart_init) refers (Special) to use_no_semi_2.o(.text) for __use_no_semihosting
    usart.o(i.uart_init) refers to stm32f10x_rcc.o(i.RCC_APB2PeriphClockCmd) for RCC_APB2PeriphClockCmd
    usart.o(i.uart_init) refers to stm32f10x_gpio.o(i.GPIO_Init) for GPIO_Init
    usart.o(i.uart_init) refers to misc.o(i.NVIC_Init) for NVIC_Init
    usart.o(i.uart_init) refers to stm32f10x_usart.o(i.USART_Init) for USART_Init
    usart.o(i.uart_init) refers to stm32f10x_usart.o(i.USART_ITConfig) for USART_ITConfig
    usart.o(i.uart_init) refers to stm32f10x_usart.o(i.USART_Cmd) for USART_Cmd
    usart.o(.bss) refers (Special) to use_no_semi_2.o(.text) for __use_no_semihosting
[...]
    ../clib/printf.c                         0x00000000   Number         0  _printf_oct_int.o ABSOLUTE
    ../clib/printf.c                         0x00000000   Number         0  _printf_fp_dec.o ABSOLUTE
    ../clib/printf.c                         0x00000000   Number         0  __printf_flags_ss_wp.o ABSOLUTE
    ../clib/printf.c                         0x00000000   Number         0  _printf_charcount.o ABSOLUTE
    ../clib/printf.c                         0x00000000   Number         0  _printf_intcommon.o ABSOLUTE
    ../clib/printf.c                         0x00000000   Number         0  c89vsprintf.o ABSOLUTE
    ../clib/printf.c                         0x00000000   Number         0  _printf_truncate.o ABSOLUTE
    ../clib/printf.c                         0x00000000   Number         0  _printf_wchar.o ABSOLUTE
    ../clib/printf.c                         0x00000000   Number         0  _printf_fp_infnan.o ABSOLUTE
    ../clib/printf.c                         0x00000000   Number         0  __printf_nopercent.o ABSOLUTE
    ../clib/printf.c                         0x00000000   Number         0  __2printf.o ABSOLUTE
    ../clib/printf.c                         0x00000000   Number         0  __2sprintf.o ABSOLUTE
    ../clib/printf.c                         0x00000000   Number         0  noretval__2printf.o ABSOLUTE
    ../clib/printf.c                         0x00000000   Number         0  noretval__2sprintf.o ABSOLUTE
    ../clib/printf.c                         0x00000000   Number         0  __printf.o ABSOLUTE
    ../clib/printf.c                         0x00000000   Number         0  _printf_pad.o ABSOLUTE
    ../clib/printf.c                         0x00000000   Number         0  _printf_str.o ABSOLUTE
    ../clib/printf.c                         0x00000000   Number         0  _printf_dec.o ABSOLUTE
    ../clib/printf.c                         0x00000000   Number         0  __printf_flags.o ABSOLUTE
    ../clib/printf.c                         0x00000000   Number         0  __printf_ss.o ABSOLUTE
    ../clib/printf.c                         0x00000000   Number         0  __printf_flags_ss.o ABSOLUTE
    ../clib/printf.c                         0x00000000   Number         0  __printf_wp.o ABSOLUTE
    ../clib/printf.c                         0x00000000   Number         0  __printf_flags_wp.o ABSOLUTE
    ../clib/printf.c                         0x00000000   Number         0  __printf_ss_wp.o ABSOLUTE
    ../clib/printf.c                         0x00000000   Number         0  _printf_hex_int_ll_ptr.o ABSOLUTE
    ../clib/printf.c                         0x00000000   Number         0  _printf_hex_ll_ptr.o ABSOLUTE
    ../clib/printf.c                         0x00000000   Number         0  _printf_hex_int_ptr.o ABSOLUTE
    ../clib/printf.c                         0x00000000   Number         0  _printf_hex_ptr.o ABSOLUTE
    ../clib/printf.c                         0x00000000   Number         0  _printf_hex_int_ll.o ABSOLUTE
    ../clib/printf_percent.s                 0x00000000   Number         0  _printf_o.o ABSOLUTE
    ../clib/printf_percent.s                 0x00000000   Number         0  _printf_lli.o ABSOLUTE
    ../clib/printf_percent.s                 0x00000000   Number         0  _printf_lld.o ABSOLUTE
    ../clib/printf_percent.s                 0x00000000   Number         0  _printf_llu.o ABSOLUTE
    ../clib/printf_percent.s                 0x00000000   Number         0  _printf_ll.o ABSOLUTE
    ../clib/printf_percent.s                 0x00000000   Number         0  _printf_l.o ABSOLUTE
    ../clib/printf_percent.s                 0x00000000   Number         0  _printf_lc.o ABSOLUTE
    ../clib/printf_percent.s                 0x00000000   Number         0  _printf_n.o ABSOLUTE
    ../clib/printf_percent.s                 0x00000000   Number         0  _printf_u.o ABSOLUTE
    ../clib/printf_percent.s                 0x00000000   Number         0  _printf_ls.o ABSOLUTE
    ../clib/printf_percent.s                 0x00000000   Number         0  _printf_g.o ABSOLUTE
    ../clib/printf_percent.s                 0x00000000   Number         0  _printf_a.o ABSOLUTE
    ../clib/printf_percent.s                 0x00000000   Number         0  _printf_p.o ABSOLUTE
    ../clib/printf_percent.s                 0x00000000   Number         0  _printf_llo.o ABSOLUTE
    ../clib/printf_percent.s                 0x00000000   Number         0  _printf_llx.o ABSOLUTE
    ../clib/printf_percent.s                 0x00000000   Number         0  _printf_i.o ABSOLUTE
    ../clib/printf_percent.s                 0x00000000   Number         0  _printf_e.o ABSOLUTE
    ../clib/printf_percent.s                 0x00000000   Number         0  _printf_percent_end.o ABSOLUTE
    ../clib/printf_percent.s                 0x00000000   Number         0  _printf_f.o ABSOLUTE
    ../clib/printf_percent.s                 0x00000000   Number         0  _printf_x.o ABSOLUTE
    ../clib/printf_percent.s                 0x00000000   Number         0  _printf_c.o ABSOLUTE
    ../clib/printf_percent.s                 0x00000000   Number         0  _printf_s.o ABSOLUTE
    ../clib/printf_percent.s                 0x00000000   Number         0  _printf_d.o ABSOLUTE
    ../clib/printf_percent.s                 0x00000000   Number         0  _printf_percent.o ABSOLUTE
    ../clib/signal.c                         0x00000000   Number         0  defsig_rtmem_formal.o ABSOLUTE
    ../clib/signal.c                         0x00000000   Number         0  defsig_general.o ABSOLUTE
    ../clib/signal.c                         0x00000000   Number         0  defsig_rtmem_inner.o ABSOLUTE
    ../clib/signal.c                         0x00000000   Number         0  defsig_exit.o ABSOLUTE
    ../clib/signal.c                         0x00000000   Number         0  defsig_pvfn_inner.o ABSOLUTE
    ../clib/signal.c                         0x00000000   Number         0  defsig_other.o ABSOLUTE
    ../clib/signal.c                         0x00000000   Number         0  defsig_segv_inner.o ABSOLUTE
    ../clib/signal.c                         0x00000000   Number         0  __raise.o ABSOLUTE
    ../clib/signal.c                         0x00000000   Number         0  defsig_cppl_inner.o ABSOLUTE
    ../clib/signal.c                         0x00000000   Number         0  defsig_stak_inner.o ABSOLUTE
    ../clib/signal.c                         0x00000000   Number         0  defsig_rtred_inner.o ABSOLUTE
    ../clib/signal.c                         0x00000000   Number         0  defsig_fpe_inner.o ABSOLUTE
    ../clib/signal.c                         0x00000000   Number         0  defsig_abrt_inner.o ABSOLUTE
    ../clib/signal.c                         0x00000000   Number         0  defsig_rtmem_outer.o ABSOLUTE
    ../clib/signal.s                         0x00000000   Number         0  defsig.o ABSOLUTE
    ../clib/stdio.c                          0x00000000   Number         0  ferror.o ABSOLUTE
    ../clib/stdio.c                          0x00000000   Number         0  ferror_locked.o ABSOLUTE
    ../clib/stdlib.c                         0x00000000   Number         0  exit.o ABSOLUTE
    ../clib/string.c                         0x00000000   Number         0  strstr.o ABSOLUTE
    ../clib/string.c                         0x00000000   Number         0  strlen.o ABSOLUTE
    ../fplib/dretinf.s                       0x00000000   Number         0  dretinf.o ABSOLUTE
    ../fplib/f2d.s                           0x00000000   Number         0  f2d.o ABSOLUTE
    ../fplib/faddsub.s                       0x00000000   Number         0  faddsub_clz.o ABSOLUTE
    ../fplib/fdiv.s                          0x00000000   Number         0  fdiv.o ABSOLUTE
    ../fplib/ffixu.s                         0x00000000   Number         0  ffixu.o ABSOLUTE
    ../fplib/fflt.s                          0x00000000   Number         0  fflt_clz.o ABSOLUTE
    ../fplib/fmul.s                          0x00000000   Number         0  fmul.o ABSOLUTE
    ../fplib/fnaninf.s                       0x00000000   Number         0  fnaninf.o ABSOLUTE
    ../fplib/fpinit.s                        0x00000000   Number         0  fpinit.o ABSOLUTE
    ../fplib/fretinf.s                       0x00000000   Number         0  fretinf.o ABSOLUTE
    ../fplib/istatus.s                       0x00000000   Number         0  istatus.o ABSOLUTE
    ../fplib/printf1.s                       0x00000000   Number         0  printf1.o ABSOLUTE
    ../fplib/usenofp.s                       0x00000000   Number         0  usenofp.o ABSOLUTE
    ../mathlib/fpclassify.c                  0x00000000   Number         0  fpclassify.o ABSOLUTE
    ..\CORE\core_cm3.c                       0x00000000   Number         0  core_cm3.o ABSOLUTE
    ..\CORE\startup_stm32f10x_hd.s           0x00000000   Number         0  startup_stm32f10x_hd.o ABSOLUTE
    ..\HARDWARE\GPS\gps.c                    0x00000000   Number         0  gps.o ABSOLUTE
    ..\HARDWARE\LED\led.c                    0x00000000   Number         0  led.o ABSOLUTE
    ..\HARDWARE\USART4\usart4.c              0x00000000   Number         0  usart4.o ABSOLUTE
    ..\STM32F10x_FWLib\src\misc.c            0x00000000   Number         0  misc.o ABSOLUTE
    ..\STM32F10x_FWLib\src\stm32f10x_adc.c   0x00000000   Number         0  stm32f10x_adc.o ABSOLUTE
    ..\STM32F10x_FWLib\src\stm32f10x_bkp.c   0x00000000   Number         0  stm32f10x_bkp.o ABSOLUTE
    ..\STM32F10x_FWLib\src\stm32f10x_can.c   0x00000000   Number         0  stm32f10x_can.o ABSOLUTE
    ..\STM32F10x_FWLib\src\stm32f10x_cec.c   0x00000000   Number         0  stm32f10x_cec.o ABSOLUTE
    ..\STM32F10x_FWLib\src\stm32f10x_crc.c   0x00000000   Number         0  stm32f10x_crc.o ABSOLUTE
    ..\STM32F10x_FWLib\src\stm32f10x_dac.c   0x00000000   Number         0  stm32f10x_dac.o ABSOLUTE
    ..\STM32F10x_FWLib\src\stm32f10x_dbgmcu.c 0x00000000   Number         0  stm32f10x_dbgmcu.o ABSOLUTE
    ..\STM32F10x_FWLib\src\stm32f10x_dma.c   0x00000000   Number         0  stm32f10x_dma.o ABSOLUTE
    ..\STM32F10x_FWLib\src\stm32f10x_exti.c  0x00000000   Number         0  stm32f10x_exti.o ABSOLUTE
    ..\STM32F10x_FWLib\src\stm32f10x_flash.c 0x00000000   Number         0  stm32f10x_flash.o ABSOLUTE
    ..\STM32F10x_FWLib\src\stm32f10x_fsmc.c  0x00000000   Number         0  stm32f10x_fsmc.o ABSOLUTE
    ..\STM32F10x_FWLib\src\stm32f10x_gpio.c  0x00000000   Number         0  stm32f10x_gpio.o ABSOLUTE
    ..\STM32F10x_FWLib\src\stm32f10x_i2c.c   0x00000000   Number         0  stm32f10x_i2c.o ABSOLUTE
    ..\STM32F10x_FWLib\src\stm32f10x_iwdg.c  0x00000000   Number         0  stm32f10x_iwdg.o ABSOLUTE
    ..\STM32F10x_FWLib\src\stm32f10x_pwr.c   0x00000000   Number         0  stm32f10x_pwr.o ABSOLUTE
    ..\STM32F10x_FWLib\src\stm32f10x_rcc.c   0x00000000   Number         0  stm32f10x_rcc.o ABSOLUTE
    ..\STM32F10x_FWLib\src\stm32f10x_rtc.c   0x00000000   Number         0  stm32f10x_rtc.o ABSOLUTE
    ..\STM32F10x_FWLib\src\stm32f10x_sdio.c  0x00000000   Number         0  stm32f10x_sdio.o ABSOLUTE
    ..\STM32F10x_FWLib\src\stm32f10x_spi.c   0x00000000   Number         0  stm32f10x_spi.o ABSOLUTE
    ..\STM32F10x_FWLib\src\stm32f10x_tim.c   0x00000000   Number         0  stm32f10x_tim.o ABSOLUTE
    ..\STM32F10x_FWLib\src\stm32f10x_usart.c 0x00000000   Number         0  stm32f10x_usart.o ABSOLUTE
    ..\STM32F10x_FWLib\src\stm32f10x_wwdg.c  0x00000000   Number         0  stm32f10x_wwdg.o ABSOLUTE
    ..\SYSTEM\delay\delay.c                  0x00000000   Number         0  delay.o ABSOLUTE
    ..\SYSTEM\sys\sys.c                      0x00000000   Number         0  sys.o ABSOLUTE
    ..\SYSTEM\usart\usart.c                  0x00000000   Number         0  usart.o ABSOLUTE
    ..\\CORE\\core_cm3.c                     0x00000000   Number         0  core_cm3.o ABSOLUTE
    ..\\SYSTEM\\sys\\sys.c                   0x00000000   Number         0  sys.o ABSOLUTE
    dc.s                                     0x00000000   Number         0  dc.o ABSOLUTE
    main.c                                   0x00000000   Number         0  main.o ABSOLUTE
    stm32f10x_it.c                           0x00000000   Number         0  stm32f10x_it.o ABSOLUTE
    system_stm32f10x.c                       0x00000000   Number         0  system_stm32f10x.o ABSOLUTE
    RESET                                    0x08000000   Section      304  startup_stm32f10x_hd.o(RESET)
    !!!main                                  0x08000130   Section        8  __main.o(!!!main)
    !!!scatter                               0x08000138   Section       52  __scatter.o(!!!scatter)
    !!handler_copy                           0x0800016c   Section       26  __scatter_copy.o(!!handler_copy)
    !!handler_zi                             0x08000188   Section       28  __scatter_zi.o(!!handler_zi)
    .ARM.Collect$$_printf_percent$$00000000  0x080001a4   Section        0  _printf_percent.o(.ARM.Collect$$_printf_percent$$00000000)
    .ARM.Collect$$_printf_percent$$00000003  0x080001a4   Section        6  _printf_f.o(.ARM.Collect$$_printf_percent$$00000003)
    .ARM.Collect$$_printf_percent$$00000009  0x080001aa   Section        6  _printf_d.o(.ARM.Collect$$_printf_percent$$00000009)
    .ARM.Collect$$_printf_percent$$00000013  0x080001b0   Section        6  _printf_c.o(.ARM.Collect$$_printf_percent$$00000013)
    .ARM.Collect$$_printf_percent$$00000014  0x080001b6   Section        6  _printf_s.o(.ARM.Collect$$_printf_percent$$00000014)
    .ARM.Collect$$_printf_percent$$00000017  0x080001bc   Section        4  _printf_percent_end.o(.ARM.Collect$$_printf_percent$$00000017)
    .ARM.Collect$$libinit$$00000000          0x080001c0   Section        2  libinit.o(.ARM.Collect$$libinit$$00000000)
    .ARM.Collect$$libinit$$00000002          0x080001c2   Section        0  libinit2.o(.ARM.Collect$$libinit$$00000002)
    .ARM.Collect$$libinit$$00000004          0x080001c2   Section        0  libinit2.o(.ARM.Collect$$libinit$$00000004)
    .ARM.Collect$$libinit$$0000000A          0x080001c2   Section        0  libinit2.o(.ARM.Collect$$libinit$$0000000A)
    .ARM.Collect$$libinit$$0000000C          0x080001c2   Section        0  libinit2.o(.ARM.Collect$$libinit$$0000000C)
    .ARM.Collect$$libinit$$0000000E          0x080001c2   Section        0  libinit2.o(.ARM.Collect$$libinit$$0000000E)
    .ARM.Collect$$libinit$$0000000F          0x080001c2   Section        6  libinit2.o(.ARM.Collect$$libinit$$0000000F)
    .ARM.Collect$$libinit$$00000011          0x080001c8   Section        0  libinit2.o(.ARM.Collect$$libinit$$00000011)
    .ARM.Collect$$libinit$$00000013          0x080001c8   Section        0  libinit2.o(.ARM.Collect$$libinit$$00000013)
    .ARM.Collect$$libinit$$00000015          0x080001c8   Section        0  libinit2.o(.ARM.Collect$$libinit$$00000015)
    .ARM.Collect$$libinit$$00000016          0x080001c8   Section       10  libinit2.o(.ARM.Collect$$libinit$$00000016)
    .ARM.Collect$$libinit$$00000017          0x080001d2   Section        0  libinit2.o(.ARM.Collect$$libinit$$00000017)
    .ARM.Collect$$libinit$$00000019          0x080001d2   Section        0  libinit2.o(.ARM.Collect$$libinit$$00000019)
    .ARM.Collect$$libinit$$0000001B          0x080001d2   Section        0  libinit2.o(.ARM.Collect$$libinit$$0000001B)
    .ARM.Collect$$libinit$$0000001D          0x080001d2   Section        0  libinit2.o(.ARM.Collect$$libinit$$0000001D)
    .ARM.Collect$$libinit$$0000001F          0x080001d2   Section        0  libinit2.o(.ARM.Collect$$libinit$$0000001F)
    .ARM.Collect$$libinit$$00000021          0x080001d2   Section        0  libinit2.o(.ARM.Collect$$libinit$$00000021)
    .ARM.Collect$$libinit$$00000023          0x080001d2   Section        0  libinit2.o(.ARM.Collect$$libinit$$00000023)
    .ARM.Collect$$libinit$$00000025          0x080001d2   Section        0  libinit2.o(.ARM.Collect$$libinit$$00000025)
    .ARM.Collect$$libinit$$0000002C          0x080001d2   Section        0  libinit2.o(.ARM.Collect$$libinit$$0000002C)
    .ARM.Collect$$libinit$$0000002E          0x080001d2   Section        0  libinit2.o(.ARM.Collect$$libinit$$0000002E)
    .ARM.Collect$$libinit$$00000030          0x080001d2   Section        0  libinit2.o(.ARM.Collect$$libinit$$00000030)
    .ARM.Collect$$libinit$$00000032          0x080001d2   Section        0  libinit2.o(.ARM.Collect$$libinit$$00000032)
    .ARM.Collect$$libinit$$00000033          0x080001d2   Section        2  libinit2.o(.ARM.Collect$$libinit$$00000033)
    .ARM.Collect$$libshutdown$$00000000      0x080001d4   Section        2  libshutdown.o(.ARM.Collect$$libshutdown$$00000000)
    .ARM.Collect$$libshutdown$$00000003      0x080001d6   Section        0  libshutdown2.o(.ARM.Collect$$libshutdown$$00000003)
    .ARM.Collect$$libshutdown$$00000006      0x080001d6   Section        0  libshutdown2.o(.ARM.Collect$$libshutdown$$00000006)
    .ARM.Collect$$libshutdown$$00000009      0x080001d6   Section        0  libshutdown2.o(.ARM.Collect$$libshutdown$$00000009)
    .ARM.Collect$$libshutdown$$0000000B      0x080001d6   Section        0  libshutdown2.o(.ARM.Collect$$libshutdown$$0000000B)
    .ARM.Collect$$libshutdown$$0000000E      0x080001d6   Section        0  libshutdown2.o(.ARM.Collect$$libshutdown$$0000000E)
    .ARM.Collect$$libshutdown$$0000000F      0x080001d6   Section        2  libshutdown2.o(.ARM.Collect$$libshutdown$$0000000F)
    .ARM.Collect$$rtentry$$00000000          0x080001d8   Section        0  __rtentry.o(.ARM.Collect$$rtentry$$00000000)
    .ARM.Collect$$rtentry$$00000002          0x080001d8   Section        0  __rtentry2.o(.ARM.Collect$$rtentry$$00000002)
    .ARM.Collect$$rtentry$$00000004          0x080001d8   Section        6  __rtentry4.o(.ARM.Collect$$rtentry$$00000004)
    .ARM.Collect$$rtentry$$00000009          0x080001de   Section        0  __rtentry2.o(.ARM.Collect$$rtentry$$00000009)
    .ARM.Collect$$rtentry$$0000000A          0x080001de   Section        4  __rtentry2.o(.ARM.Collect$$rtentry$$0000000A)
    .ARM.Collect$$rtentry$$0000000C          0x080001e2   Section        0  __rtentry2.o(.ARM.Collect$$rtentry$$0000000C)
    .ARM.Collect$$rtentry$$0000000D          0x080001e2   Section        8  __rtentry2.o(.ARM.Collect$$rtentry$$0000000D)
    .ARM.Collect$$rtexit$$00000000           0x080001ea   Section        2  rtexit.o(.ARM.Collect$$rtexit$$00000000)
    .ARM.Collect$$rtexit$$00000002           0x080001ec   Section        0  rtexit2.o(.ARM.Collect$$rtexit$$00000002)
    .ARM.Collect$$rtexit$$00000003           0x080001ec   Section        4  rtexit2.o(.ARM.Collect$$rtexit$$00000003)
    .ARM.Collect$$rtexit$$00000004           0x080001f0   Section        6  rtexit2.o(.ARM.Collect$$rtexit$$00000004)
    .text                                    0x080001f8   Section       64  startup_stm32f10x_hd.o(.text)
    .text                                    0x08000238   Section        2  use_no_semi_2.o(.text)
    .text                                    0x0800023c   Section        0  __2printf.o(.text)
    .text                                    0x08000254   Section        0  __2sprintf.o(.text)
    .text                                    0x08000280   Section        0  _printf_pad.o(.text)
    .text                                    0x080002ce   Section        0  _printf_str.o(.text)
    .text                                    0x08000320   Section        0  _printf_dec.o(.text)
    .text                                    0x08000398   Section        0  __printf_flags_ss_wp.o(.text)
    .text                                    0x08000520   Section        0  strstr.o(.text)
    .text                                    0x08000544   Section        0  heapauxi.o(.text)
    .text                                    0x0800054a   Section        2  use_no_semi.o(.text)
    .text                                    0x0800054c   Section        0  _printf_intcommon.o(.text)
    .text                                    0x080005fe   Section        0  _printf_fp_dec.o(.text)
    _fp_digits                               0x08000601   Thumb Code   428  _printf_fp_dec.o(.text)
    .text                                    0x08000a18   Section        0  _printf_char_common.o(.text)
    _printf_input_char                       0x08000a19   Thumb Code    10  _printf_char_common.o(.text)
    .text                                    0x08000a48   Section        0  _sputc.o(.text)
    .text                                    0x08000a52   Section        0  _printf_char.o(.text)
    .text                                    0x08000a80   Section        0  _printf_char_file.o(.text)
    .text                                    0x08000aa4   Section        8  rt_locale_intlibspace.o(.text)
    .text                                    0x08000aac   Section      138  lludiv10.o(.text)
    .text                                    0x08000b38   Section        0  _printf_fp_infnan.o(.text)
    .text                                    0x08000bb8   Section        0  bigflt0.o(.text)
    .text                                    0x08000c94   Section        0  ferror.o(.text)
    .text                                    0x08000c9c   Section        8  libspace.o(.text)
    .text                                    0x08000ca4   Section       74  sys_stackheap_outer.o(.text)
    .text                                    0x08000cee   Section        0  exit.o(.text)
    .text                                    0x08000cfc   Section      128  strcmpv7m.o(.text)
    CL$$btod_d2e                             0x08000d7c   Section       62  btod.o(CL$$btod_d2e)
    CL$$btod_d2e_denorm_low                  0x08000dba   Section       70  btod.o(CL$$btod_d2e_denorm_low)
    CL$$btod_d2e_norm_op1                    0x08000e00   Section       96  btod.o(CL$$btod_d2e_norm_op1)
    CL$$btod_div_common                      0x08000e60   Section      824  btod.o(CL$$btod_div_common)
    CL$$btod_e2e                             0x08001198   Section      198  btod.o(CL$$btod_e2e)
    CL$$btod_ediv                            0x0800125e   Section       40  btod.o(CL$$btod_ediv)
    CL$$btod_emul                            0x08001286   Section       40  btod.o(CL$$btod_emul)
    CL$$btod_mult_common                     0x080012ae   Section      580  btod.o(CL$$btod_mult_common)
    i.BusFault_Handler                       0x080014f2   Section        0  stm32f10x_it.o(i.BusFault_Handler)
    i.DMA_DeInit                             0x080014f8   Section        0  stm32f10x_dma.o(i.DMA_DeInit)
    i.DMA_Init                               0x08001644   Section        0  stm32f10x_dma.o(i.DMA_Init)
    i.DebugMon_Handler                       0x08001680   Section        0  stm32f10x_it.o(i.DebugMon_Handler)
    i.GPIO_Init                              0x08001682   Section        0  stm32f10x_gpio.o(i.GPIO_Init)
    i.GPIO_SetBits                           0x08001798   Section        0  stm32f10x_gpio.o(i.GPIO_SetBits)
    i.GPS_Analysis                           0x0800179c   Section        0  gps.o(i.GPS_Analysis)
    i.Gps_Msg_Show                           0x080017d4   Section        0  main.o(i.Gps_Msg_Show)
    i.HardFault_Handler                      0x08001b54   Section        0  stm32f10x_it.o(i.HardFault_Handler)
    i.LED_Init                               0x08001b58   Section        0  led.o(i.LED_Init)
    i.MemManage_Handler                      0x08001ba8   Section        0  stm32f10x_it.o(i.MemManage_Handler)
    i.NMEA_BDGSV_Analysis                    0x08001bac   Section        0  gps.o(i.NMEA_BDGSV_Analysis)
    i.NMEA_Comma_Pos                         0x08001ce0   Section        0  gps.o(i.NMEA_Comma_Pos)
    i.NMEA_GNGGA_Analysis                    0x08001d14   Section        0  gps.o(i.NMEA_GNGGA_Analysis)
    i.NMEA_GNGSA_Analysis                    0x08001d7c   Section        0  gps.o(i.NMEA_GNGSA_Analysis)
    i.NMEA_GNRMC_Analysis                    0x08001e34   Section        0  gps.o(i.NMEA_GNRMC_Analysis)
    i.NMEA_GNVTG_Analysis                    0x08002058   Section        0  gps.o(i.NMEA_GNVTG_Analysis)
    i.NMEA_GPGSV_Analysis                    0x080020b0   Section        0  gps.o(i.NMEA_GPGSV_Analysis)
    i.NMEA_Pow                               0x080021dc   Section        0  gps.o(i.NMEA_Pow)
    i.NMEA_Str2num                           0x080021f2   Section        0  gps.o(i.NMEA_Str2num)
    i.NMI_Handler                            0x080022dc   Section        0  stm32f10x_it.o(i.NMI_Handler)
    i.NVIC_Init                              0x080022e0   Section        0  misc.o(i.NVIC_Init)
    i.NVIC_PriorityGroupConfig               0x08002350   Section        0  misc.o(i.NVIC_PriorityGroupConfig)
    i.PendSV_Handler                         0x08002364   Section        0  stm32f10x_it.o(i.PendSV_Handler)
    i.RCC_AHBPeriphClockCmd                  0x08002368   Section        0  stm32f10x_rcc.o(i.RCC_AHBPeriphClockCmd)
    i.RCC_APB1PeriphClockCmd                 0x08002388   Section        0  stm32f10x_rcc.o(i.RCC_APB1PeriphClockCmd)
    i.RCC_APB1PeriphResetCmd                 0x080023a8   Section        0  stm32f10x_rcc.o(i.RCC_APB1PeriphResetCmd)
    i.RCC_APB2PeriphClockCmd                 0x080023c8   Section        0  stm32f10x_rcc.o(i.RCC_APB2PeriphClockCmd)
    i.RCC_APB2PeriphResetCmd                 0x080023e8   Section        0  stm32f10x_rcc.o(i.RCC_APB2PeriphResetCmd)
    i.RCC_GetClocksFreq                      0x08002408   Section        0  stm32f10x_rcc.o(i.RCC_GetClocksFreq)
    i.SVC_Handler                            0x080024dc   Section        0  stm32f10x_it.o(i.SVC_Handler)
    i.SetSysClock                            0x080024de   Section        0  system_stm32f10x.o(i.SetSysClock)
    SetSysClock                              0x080024df   Thumb Code     8  system_stm32f10x.o(i.SetSysClock)
    i.SetSysClockTo72                        0x080024e8   Section        0  system_stm32f10x.o(i.SetSysClockTo72)
    SetSysClockTo72                          0x080024e9   Thumb Code   214  system_stm32f10x.o(i.SetSysClockTo72)
    i.SkyTra_Cfg_Ack_Check                   0x080025c8   Section        0  gps.o(i.SkyTra_Cfg_Ack_Check)
    i.SkyTra_Cfg_Prt                         0x08002634   Section        0  gps.o(i.SkyTra_Cfg_Prt)
    i.SkyTra_Cfg_Rate                        0x08002694   Section        0  gps.o(i.SkyTra_Cfg_Rate)
    i.SkyTra_Cfg_Tp                          0x080026d4   Section        0  gps.o(i.SkyTra_Cfg_Tp)
    i.SkyTra_Send_Date                       0x08002758   Section        0  gps.o(i.SkyTra_Send_Date)
    i.SysTick_CLKSourceConfig                0x08002784   Section        0  misc.o(i.SysTick_CLKSourceConfig)
    i.SysTick_Handler                        0x080027ac   Section        0  stm32f10x_it.o(i.SysTick_Handler)
    i.SystemInit                             0x080027b0   Section        0  system_stm32f10x.o(i.SystemInit)
    i.TIM4_IRQHandler                        0x08002810   Section        0  usart4.o(i.TIM4_IRQHandler)
    i.TIM4_Init                              0x08002840   Section        0  usart4.o(i.TIM4_Init)
    i.TIM4_Set                               0x08002898   Section        0  usart4.o(i.TIM4_Set)
    i.TIM_ClearITPendingBit                  0x080028c0   Section        0  stm32f10x_tim.o(i.TIM_ClearITPendingBit)
    i.TIM_Cmd                                0x080028c6   Section        0  stm32f10x_tim.o(i.TIM_Cmd)
    i.TIM_GetITStatus                        0x080028de   Section        0  stm32f10x_tim.o(i.TIM_GetITStatus)
    i.TIM_ITConfig                           0x08002900   Section        0  stm32f10x_tim.o(i.TIM_ITConfig)
    i.TIM_SetCounter                         0x08002912   Section        0  stm32f10x_tim.o(i.TIM_SetCounter)
    i.TIM_TimeBaseInit                       0x08002918   Section        0  stm32f10x_tim.o(i.TIM_TimeBaseInit)
    i.UART_DMA_Config                        0x080029bc   Section        0  usart4.o(i.UART_DMA_Config)
    i.USART1_IRQHandler                      0x08002a04   Section        0  usart.o(i.USART1_IRQHandler)
    i.USART4_Init                            0x08002a8c   Section        0  usart4.o(i.USART4_Init)
    i.USART_Cmd                              0x08002b74   Section        0  stm32f10x_usart.o(i.USART_Cmd)
    i.USART_DMACmd                           0x08002b8c   Section        0  stm32f10x_usart.o(i.USART_DMACmd)
    i.USART_DeInit                           0x08002ba0   Section        0  stm32f10x_usart.o(i.USART_DeInit)
    i.USART_GetITStatus                      0x08002c3c   Section        0  stm32f10x_usart.o(i.USART_GetITStatus)
    i.USART_ITConfig                         0x08002c90   Section        0  stm32f10x_usart.o(i.USART_ITConfig)
    i.USART_Init                             0x08002cdc   Section        0  stm32f10x_usart.o(i.USART_Init)
    i.USART_ReceiveData                      0x08002db4   Section        0  stm32f10x_usart.o(i.USART_ReceiveData)
    i.UsageFault_Handler                     0x08002dbe   Section        0  stm32f10x_it.o(i.UsageFault_Handler)
    i.__ARM_fpclassify                       0x08002dc2   Section        0  fpclassify.o(i.__ARM_fpclassify)
    i._is_digit                              0x08002dea   Section        0  __printf_wp.o(i._is_digit)
    i._sys_exit                              0x08002df8   Section        0  usart.o(i._sys_exit)
    i.delay_init                             0x08002e00   Section        0  delay.o(i.delay_init)
    i.delay_ms                               0x08002e44   Section        0  delay.o(i.delay_ms)
    i.fputc                                  0x08002e90   Section        0  usart.o(i.fputc)
    i.main                                   0x08002eac   Section        0  main.o(i.main)
    i.uart_init                              0x0800306c   Section        0  usart.o(i.uart_init)
    locale$$code                             0x0800310c   Section       44  lc_numeric_c.o(locale$$code)
    x$fpl$dretinf                            0x08003138   Section       12  dretinf.o(x$fpl$dretinf)
    x$fpl$f2d                                0x08003144   Section       86  f2d.o(x$fpl$f2d)
    x$fpl$fadd                               0x0800319c   Section      196  faddsub_clz.o(x$fpl$fadd)
    _fadd1                                   0x080031ab   Thumb Code     0  faddsub_clz.o(x$fpl$fadd)
    x$fpl$fdiv                               0x08003260   Section      388  fdiv.o(x$fpl$fdiv)
    _fdiv1                                   0x08003261   Thumb Code     0  fdiv.o(x$fpl$fdiv)
    x$fpl$ffixu                              0x080033e4   Section       62  ffixu.o(x$fpl$ffixu)
    x$fpl$fflt                               0x08003424   Section       48  fflt_clz.o(x$fpl$fflt)
    x$fpl$ffltu                              0x08003454   Section       38  fflt_clz.o(x$fpl$ffltu)
    x$fpl$fmul                               0x0800347c   Section      258  fmul.o(x$fpl$fmul)
    x$fpl$fnaninf                            0x0800357e   Section      140  fnaninf.o(x$fpl$fnaninf)
    x$fpl$fretinf                            0x0800360a   Section       10  fretinf.o(x$fpl$fretinf)
    x$fpl$fsub                               0x08003614   Section      234  faddsub_clz.o(x$fpl$fsub)
    _fsub1                                   0x08003623   Thumb Code     0  faddsub_clz.o(x$fpl$fsub)
    x$fpl$printf1                            0x080036fe   Section        4  printf1.o(x$fpl$printf1)
    x$fpl$usenofp                            0x08003702   Section        0  usenofp.o(x$fpl$usenofp)
    .constdata                               0x08003704   Section       36  gps.o(.constdata)
    .constdata                               0x08003728   Section       17  __printf_flags_ss_wp.o(.constdata)
    maptable                                 0x08003728   Data          17  __printf_flags_ss_wp.o(.constdata)
    .constdata                               0x0800373c   Section      148  bigflt0.o(.constdata)
    tenpwrs_x                                0x0800373c   Data          60  bigflt0.o(.constdata)
    tenpwrs_i                                0x08003778   Data          64  bigflt0.o(.constdata)
    .conststring                             0x080037d0   Section       21  main.o(.conststring)
    locale$$data                             0x08003808   Section       28  lc_numeric_c.o(locale$$data)
    __lcnum_c_name                           0x0800380c   Data           2  lc_numeric_c.o(locale$$data)
    __lcnum_c_start                          0x08003814   Data           0  lc_numeric_c.o(locale$$data)
    __lcnum_c_point                          0x08003820   Data           0  lc_numeric_c.o(locale$$data)
    __lcnum_c_thousands                      0x08003822   Data           0  lc_numeric_c.o(locale$$data)
    __lcnum_c_grouping                       0x08003823   Data           0  lc_numeric_c.o(locale$$data)
    __lcnum_c_end                            0x08003824   Data           0  lc_numeric_c.o(locale$$data)
    .data                                    0x20000000   Section       16  main.o(.data)
    .data                                    0x20000010   Section       20  system_stm32f10x.o(.data)
    .data                                    0x20000024   Section        4  delay.o(.data)
    fac_us                                   0x20000024   Data           1  delay.o(.data)
    fac_ms                                   0x20000026   Data           2  delay.o(.data)
    .data                                    0x20000028   Section        6  usart.o(.data)
    .data                                    0x2000002e   Section       20  stm32f10x_rcc.o(.data)
    APBAHBPrescTable                         0x2000002e   Data          16  stm32f10x_rcc.o(.data)
    ADCPrescTable                            0x2000003e   Data           4  stm32f10x_rcc.o(.data)
    .data                                    0x20000042   Section        2  usart4.o(.data)
    .bss                                     0x20000044   Section     1242  main.o(.bss)
    .bss                                     0x2000051e   Section      200  usart.o(.bss)
    .bss                                     0x200005e8   Section     2048  usart4.o(.bss)
    .bss                                     0x20000de8   Section       96  libspace.o(.bss)
    HEAP                                     0x20000e48   Section      512  startup_stm32f10x_hd.o(HEAP)
    Heap_Mem                                 0x20000e48   Data         512  startup_stm32f10x_hd.o(HEAP)
    STACK                                    0x20001048   Section     1024  startup_stm32f10x_hd.o(STACK)
    Stack_Mem                                0x20001048   Data        1024  startup_stm32f10x_hd.o(STACK)
    __initial_sp                             0x20001448   Data           0  startup_stm32f10x_hd.o(STACK)

    Global Symbols

    Symbol Name                              Value     Ov Type        Size  Object(Section)

    BuildAttributes$$THM_ISAv4$P$D$K$B$S$PE$A:L22UL41UL21$X:L11$S22US41US21$IEEE1$IW$USESV6$~STKCKD$USESV7$~SHL$OTIME$ROPI$IEEEJ$EBA8$UX$STANDARDLIB$REQ8$PRES8$EABIv2 0x00000000   Number         0  anon$$obj.o ABSOLUTE
    __ARM_use_no_argv                        0x00000000   Number         0  main.o ABSOLUTE
    _printf_flags                            0x00000000   Number         0  printf_stubs.o ABSOLUTE
    _printf_return_value                     0x00000000   Number         0  printf_stubs.o ABSOLUTE
    _printf_sizespec                         0x00000000   Number         0  printf_stubs.o ABSOLUTE
    _printf_widthprec                        0x00000000   Number         0  printf_stubs.o ABSOLUTE
    __ARM_exceptions_init                     - Undefined Weak Reference
    __alloca_initialize                       - Undefined Weak Reference
    __arm_preinit_                            - Undefined Weak Reference
    __cpp_initialize__aeabi_                  - Undefined Weak Reference
    __cxa_finalize                            - Undefined Weak Reference
    __sigvec_lookup                           - Undefined Weak Reference
    _atexit_init                              - Undefined Weak Reference
    _call_atexit_fns                          - Undefined Weak Reference
    _clock_init                               - Undefined Weak Reference
    _fp_trap_init                             - Undefined Weak Reference
    _fp_trap_shutdown                         - Undefined Weak Reference
    _get_lc_collate                           - Undefined Weak Reference
    _get_lc_monetary                          - Undefined Weak Reference
    _get_lc_time                              - Undefined Weak Reference
    _getenv_init                              - Undefined Weak Reference
    _handle_redirection                       - Undefined Weak Reference
    _init_alloc                               - Undefined Weak Reference
    _init_user_alloc                          - Undefined Weak Reference
    _initio                                   - Undefined Weak Reference
    _mutex_acquire                            - Undefined Weak Reference
    _mutex_release                            - Undefined Weak Reference
    _printf_fp_hex                            - Undefined Weak Reference
    _printf_mbtowc                            - Undefined Weak Reference
    _printf_wc                                - Undefined Weak Reference
    _rand_init                                - Undefined Weak Reference
    _signal_finish                            - Undefined Weak Reference
    _signal_init                              - Undefined Weak Reference
    _terminate_alloc                          - Undefined Weak Reference
    _terminate_user_alloc                     - Undefined Weak Reference
    _terminateio                              - Undefined Weak Reference
    __Vectors_Size                           0x00000130   Number         0  startup_stm32f10x_hd.o ABSOLUTE
    __Vectors                                0x08000000   Data           4  startup_stm32f10x_hd.o(RESET)
    __Vectors_End                            0x08000130   Data           0  startup_stm32f10x_hd.o(RESET)
    __main                                   0x08000131   Thumb Code     8  __main.o(!!!main)
    __scatterload                            0x08000139   Thumb Code     0  __scatter.o(!!!scatter)
    __scatterload_rt2                        0x08000139   Thumb Code    44  __scatter.o(!!!scatter)
    __scatterload_rt2_thumb_only             0x08000139   Thumb Code     0  __scatter.o(!!!scatter)
    __scatterload_null                       0x08000147   Thumb Code     0  __scatter.o(!!!scatter)
    __scatterload_copy                       0x0800016d   Thumb Code    26  __scatter_copy.o(!!handler_copy)
    __scatterload_zeroinit                   0x08000189   Thumb Code    28  __scatter_zi.o(!!handler_zi)
    _printf_f                                0x080001a5   Thumb Code     0  _printf_f.o(.ARM.Collect$$_printf_percent$$00000003)
    _printf_percent                          0x080001a5   Thumb Code     0  _printf_percent.o(.ARM.Collect$$_printf_percent$$00000000)
    _printf_d                                0x080001ab   Thumb Code     0  _printf_d.o(.ARM.Collect$$_printf_percent$$00000009)
    _printf_c                                0x080001b1   Thumb Code     0  _printf_c.o(.ARM.Collect$$_printf_percent$$00000013)
    _printf_s                                0x080001b7   Thumb Code     0  _printf_s.o(.ARM.Collect$$_printf_percent$$00000014)
    _printf_percent_end                      0x080001bd   Thumb Code     0  _printf_percent_end.o(.ARM.Collect$$_printf_percent$$00000017)
    __rt_lib_init                            0x080001c1   Thumb Code     0  libinit.o(.ARM.Collect$$libinit$$00000000)
    __rt_lib_init_fp_1                       0x080001c3   Thumb Code     0  libinit2.o(.ARM.Collect$$libinit$$00000002)
    __rt_lib_init_heap_1                     0x080001c3   Thumb Code     0  libinit2.o(.ARM.Collect$$libinit$$0000000A)
    __rt_lib_init_lc_common                  0x080001c3   Thumb Code     0  libinit2.o(.ARM.Collect$$libinit$$0000000F)
    __rt_lib_init_preinit_1                  0x080001c3   Thumb Code     0  libinit2.o(.ARM.Collect$$libinit$$00000004)
    __rt_lib_init_rand_1                     0x080001c3   Thumb Code     0  libinit2.o(.ARM.Collect$$libinit$$0000000E)
    __rt_lib_init_user_alloc_1               0x080001c3   Thumb Code     0  libinit2.o(.ARM.Collect$$libinit$$0000000C)
    __rt_lib_init_lc_collate_1               0x080001c9   Thumb Code     0  libinit2.o(.ARM.Collect$$libinit$$00000011)
    __rt_lib_init_lc_ctype_1                 0x080001c9   Thumb Code     0  libinit2.o(.ARM.Collect$$libinit$$00000013)
    __rt_lib_init_lc_monetary_1              0x080001c9   Thumb Code     0  libinit2.o(.ARM.Collect$$libinit$$00000015)
    __rt_lib_init_lc_numeric_2               0x080001c9   Thumb Code     0  libinit2.o(.ARM.Collect$$libinit$$00000016)
    __rt_lib_init_alloca_1                   0x080001d3   Thumb Code     0  libinit2.o(.ARM.Collect$$libinit$$0000002E)
    __rt_lib_init_argv_1                     0x080001d3   Thumb Code     0  libinit2.o(.ARM.Collect$$libinit$$0000002C)
    __rt_lib_init_atexit_1                   0x080001d3   Thumb Code     0  libinit2.o(.ARM.Collect$$libinit$$0000001B)
    __rt_lib_init_clock_1                    0x080001d3   Thumb Code     0  libinit2.o(.ARM.Collect$$libinit$$00000021)
    __rt_lib_init_cpp_1                      0x080001d3   Thumb Code     0  libinit2.o(.ARM.Collect$$libinit$$00000032)
    __rt_lib_init_exceptions_1               0x080001d3   Thumb Code     0  libinit2.o(.ARM.Collect$$libinit$$00000030)
    __rt_lib_init_fp_trap_1                  0x080001d3   Thumb Code     0  libinit2.o(.ARM.Collect$$libinit$$0000001F)
    __rt_lib_init_getenv_1                   0x080001d3   Thumb Code     0  libinit2.o(.ARM.Collect$$libinit$$00000023)
    __rt_lib_init_lc_numeric_1               0x080001d3   Thumb Code     0  libinit2.o(.ARM.Collect$$libinit$$00000017)
    __rt_lib_init_lc_time_1                  0x080001d3   Thumb Code     0  libinit2.o(.ARM.Collect$$libinit$$00000019)
    __rt_lib_init_return                     0x080001d3   Thumb Code     0  libinit2.o(.ARM.Collect$$libinit$$00000033)
    __rt_lib_init_signal_1                   0x080001d3   Thumb Code     0  libinit2.o(.ARM.Collect$$libinit$$0000001D)
    __rt_lib_init_stdio_1                    0x080001d3   Thumb Code     0  libinit2.o(.ARM.Collect$$libinit$$00000025)
    __rt_lib_shutdown                        0x080001d5   Thumb Code     0  libshutdown.o(.ARM.Collect$$libshutdown$$00000000)
    __rt_lib_shutdown_fp_trap_1              0x080001d7   Thumb Code     0  libshutdown2.o(.ARM.Collect$$libshutdown$$00000006)
    __rt_lib_shutdown_heap_1                 0x080001d7   Thumb Code     0  libshutdown2.o(.ARM.Collect$$libshutdown$$0000000E)
    __rt_lib_shutdown_return                 0x080001d7   Thumb Code     0  libshutdown2.o(.ARM.Collect$$libshutdown$$0000000F)
    __rt_lib_shutdown_signal_1               0x080001d7   Thumb Code     0  libshutdown2.o(.ARM.Collect$$libshutdown$$00000009)
    __rt_lib_shutdown_stdio_1                0x080001d7   Thumb Code     0  libshutdown2.o(.ARM.Collect$$libshutdown$$00000003)
    __rt_lib_shutdown_user_alloc_1           0x080001d7   Thumb Code     0  libshutdown2.o(.ARM.Collect$$libshutdown$$0000000B)
    __rt_entry                               0x080001d9   Thumb Code     0  __rtentry.o(.ARM.Collect$$rtentry$$00000000)
    __rt_entry_presh_1                       0x080001d9   Thumb Code     0  __rtentry2.o(.ARM.Collect$$rtentry$$00000002)
    __rt_entry_sh                            0x080001d9   Thumb Code     0  __rtentry4.o(.ARM.Collect$$rtentry$$00000004)
    __rt_entry_li                            0x080001df   Thumb Code     0  __rtentry2.o(.ARM.Collect$$rtentry$$0000000A)
    __rt_entry_postsh_1                      0x080001df   Thumb Code     0  __rtentry2.o(.ARM.Collect$$rtentry$$00000009)
    __rt_entry_main                          0x080001e3   Thumb Code     0  __rtentry2.o(.ARM.Collect$$rtentry$$0000000D)
    __rt_entry_postli_1                      0x080001e3   Thumb Code     0  __rtentry2.o(.ARM.Collect$$rtentry$$0000000C)
    __rt_exit                                0x080001eb   Thumb Code     0  rtexit.o(.ARM.Collect$$rtexit$$00000000)
    __rt_exit_ls                             0x080001ed   Thumb Code     0  rtexit2.o(.ARM.Collect$$rtexit$$00000003)
    __rt_exit_prels_1                        0x080001ed   Thumb Code     0  rtexit2.o(.ARM.Collect$$rtexit$$00000002)
    __rt_exit_exit                           0x080001f1   Thumb Code     0  rtexit2.o(.ARM.Collect$$rtexit$$00000004)
    Reset_Handler                            0x080001f9   Thumb Code     8  startup_stm32f10x_hd.o(.text)
    ADC1_2_IRQHandler                        0x08000213   Thumb Code     0  startup_stm32f10x_hd.o(.text)
    ADC3_IRQHandler                          0x08000213   Thumb Code     0  startup_stm32f10x_hd.o(.text)
    CAN1_RX1_IRQHandler                      0x08000213   Thumb Code     0  startup_stm32f10x_hd.o(.text)
    CAN1_SCE_IRQHandler                      0x08000213   Thumb Code     0  startup_stm32f10x_hd.o(.text)
    DMA1_Channel1_IRQHandler                 0x08000213   Thumb Code     0  startup_stm32f10x_hd.o(.text)
    DMA1_Channel2_IRQHandler                 0x08000213   Thumb Code     0  startup_stm32f10x_hd.o(.text)
    DMA1_Channel3_IRQHandler                 0x08000213   Thumb Code     0  startup_stm32f10x_hd.o(.text)
    DMA1_Channel4_IRQHandler                 0x08000213   Thumb Code     0  startup_stm32f10x_hd.o(.text)
    DMA1_Channel5_IRQHandler                 0x08000213   Thumb Code     0  startup_stm32f10x_hd.o(.text)
    DMA1_Channel6_IRQHandler                 0x08000213   Thumb Code     0  startup_stm32f10x_hd.o(.text)
    DMA1_Channel7_IRQHandler                 0x08000213   Thumb Code     0  startup_stm32f10x_hd.o(.text)
    DMA2_Channel1_IRQHandler                 0x08000213   Thumb Code     0  startup_stm32f10x_hd.o(.text)
    DMA2_Channel2_IRQHandler                 0x08000213   Thumb Code     0  startup_stm32f10x_hd.o(.text)
    DMA2_Channel3_IRQHandler                 0x08000213   Thumb Code     0  startup_stm32f10x_hd.o(.text)
    DMA2_Channel4_5_IRQHandler               0x08000213   Thumb Code     0  startup_stm32f10x_hd.o(.text)
    EXTI0_IRQHandler                         0x08000213   Thumb Code     0  startup_stm32f10x_hd.o(.text)
    EXTI15_10_IRQHandler                     0x08000213   Thumb Code     0  startup_stm32f10x_hd.o(.text)
    EXTI1_IRQHandler                         0x08000213   Thumb Code     0  startup_stm32f10x_hd.o(.text)
    EXTI2_IRQHandler                         0x08000213   Thumb Code     0  startup_stm32f10x_hd.o(.text)
    EXTI3_IRQHandler                         0x08000213   Thumb Code     0  startup_stm32f10x_hd.o(.text)
    EXTI4_IRQHandler                         0x08000213   Thumb Code     0  startup_stm32f10x_hd.o(.text)
    EXTI9_5_IRQHandler                       0x08000213   Thumb Code     0  startup_stm32f10x_hd.o(.text)
    FLASH_IRQHandler                         0x08000213   Thumb Code     0  startup_stm32f10x_hd.o(.text)
    FSMC_IRQHandler                          0x08000213   Thumb Code     0  startup_stm32f10x_hd.o(.text)
    I2C1_ER_IRQHandler                       0x08000213   Thumb Code     0  startup_stm32f10x_hd.o(.text)
    I2C1_EV_IRQHandler                       0x08000213   Thumb Code     0  startup_stm32f10x_hd.o(.text)
    I2C2_ER_IRQHandler                       0x08000213   Thumb Code     0  startup_stm32f10x_hd.o(.text)
    I2C2_EV_IRQHandler                       0x08000213   Thumb Code     0  startup_stm32f10x_hd.o(.text)
    PVD_IRQHandler                           0x08000213   Thumb Code     0  startup_stm32f10x_hd.o(.text)
    RCC_IRQHandler                           0x08000213   Thumb Code     0  startup_stm32f10x_hd.o(.text)
    RTCAlarm_IRQHandler                      0x08000213   Thumb Code     0  startup_stm32f10x_hd.o(.text)
    RTC_IRQHandler                           0x08000213   Thumb Code     0  startup_stm32f10x_hd.o(.text)
    SDIO_IRQHandler                          0x08000213   Thumb Code     0  startup_stm32f10x_hd.o(.text)
    SPI1_IRQHandler                          0x08000213   Thumb Code     0  startup_stm32f10x_hd.o(.text)
    SPI2_IRQHandler                          0x08000213   Thumb Code     0  startup_stm32f10x_hd.o(.text)
    SPI3_IRQHandler                          0x08000213   Thumb Code     0  startup_stm32f10x_hd.o(.text)
    TAMPER_IRQHandler                        0x08000213   Thumb Code     0  startup_stm32f10x_hd.o(.text)
    TIM1_BRK_IRQHandler                      0x08000213   Thumb Code     0  startup_stm32f10x_hd.o(.text)
    TIM1_CC_IRQHandler                       0x08000213   Thumb Code     0  startup_stm32f10x_hd.o(.text)
    TIM1_TRG_COM_IRQHandler                  0x08000213   Thumb Code     0  startup_stm32f10x_hd.o(.text)
    TIM1_UP_IRQHandler                       0x08000213   Thumb Code     0  startup_stm32f10x_hd.o(.text)
    TIM2_IRQHandler                          0x08000213   Thumb Code     0  startup_stm32f10x_hd.o(.text)
    TIM3_IRQHandler                          0x08000213   Thumb Code     0  startup_stm32f10x_hd.o(.text)
    TIM5_IRQHandler                          0x08000213   Thumb Code     0  startup_stm32f10x_hd.o(.text)
    TIM6_IRQHandler                          0x08000213   Thumb Code     0  startup_stm32f10x_hd.o(.text)
    TIM7_IRQHandler                          0x08000213   Thumb Code     0  startup_stm32f10x_hd.o(.text)
    TIM8_BRK_IRQHandler                      0x08000213   Thumb Code     0  startup_stm32f10x_hd.o(.text)
    TIM8_CC_IRQHandler                       0x08000213   Thumb Code     0  startup_stm32f10x_hd.o(.text)
    TIM8_TRG_COM_IRQHandler                  0x08000213   Thumb Code     0  startup_stm32f10x_hd.o(.text)
    TIM8_UP_IRQHandler                       0x08000213   Thumb Code     0  startup_stm32f10x_hd.o(.text)
    UART4_IRQHandler                         0x08000213   Thumb Code     0  startup_stm32f10x_hd.o(.text)
    UART5_IRQHandler                         0x08000213   Thumb Code     0  startup_stm32f10x_hd.o(.text)
    USART2_IRQHandler                        0x08000213   Thumb Code     0  startup_stm32f10x_hd.o(.text)
    USART3_IRQHandler                        0x08000213   Thumb Code     0  startup_stm32f10x_hd.o(.text)
    USBWakeUp_IRQHandler                     0x08000213   Thumb Code     0  startup_stm32f10x_hd.o(.text)
    USB_HP_CAN1_TX_IRQHandler                0x08000213   Thumb Code     0  startup_stm32f10x_hd.o(.text)
    USB_LP_CAN1_RX0_IRQHandler               0x08000213   Thumb Code     0  startup_stm32f10x_hd.o(.text)
    WWDG_IRQHandler                          0x08000213   Thumb Code     0  startup_stm32f10x_hd.o(.text)
    __user_initial_stackheap                 0x08000215   Thumb Code     0  startup_stm32f10x_hd.o(.text)
    __use_no_semihosting                     0x08000239   Thumb Code     2  use_no_semi_2.o(.text)
    __2printf                                0x0800023d   Thumb Code    20  __2printf.o(.text)
    __2sprintf                               0x08000255   Thumb Code    38  __2sprintf.o(.text)
    _printf_pre_padding                      0x08000281   Thumb Code    44  _printf_pad.o(.text)
    _printf_post_padding                     0x080002ad   Thumb Code    34  _printf_pad.o(.text)
    _printf_str                              0x080002cf   Thumb Code    82  _printf_str.o(.text)
    _printf_int_dec                          0x08000321   Thumb Code   104  _printf_dec.o(.text)
    __printf                                 0x08000399   Thumb Code   388  __printf_flags_ss_wp.o(.text)
    strstr                                   0x08000521   Thumb Code    36  strstr.o(.text)
    __use_two_region_memory                  0x08000545   Thumb Code     2  heapauxi.o(.text)
    __rt_heap_escrow$2region                 0x08000547   Thumb Code     2  heapauxi.o(.text)
    __rt_heap_expand$2region                 0x08000549   Thumb Code     2  heapauxi.o(.text)
    __I$use$semihosting                      0x0800054b   Thumb Code     0  use_no_semi.o(.text)
    __use_no_semihosting_swi                 0x0800054b   Thumb Code     2  use_no_semi.o(.text)
    _printf_int_common                       0x0800054d   Thumb Code   178  _printf_intcommon.o(.text)
    __lib_sel_fp_printf                      0x080005ff   Thumb Code     2  _printf_fp_dec.o(.text)
    _printf_fp_dec_real                      0x080007ad   Thumb Code   620  _printf_fp_dec.o(.text)
    _printf_char_common                      0x08000a23   Thumb Code    32  _printf_char_common.o(.text)
    _sputc                                   0x08000a49   Thumb Code    10  _sputc.o(.text)
    _printf_cs_common                        0x08000a53   Thumb Code    20  _printf_char.o(.text)
    _printf_char                             0x08000a67   Thumb Code    16  _printf_char.o(.text)
    _printf_string                           0x08000a77   Thumb Code     8  _printf_char.o(.text)
    _printf_char_file                        0x08000a81   Thumb Code    32  _printf_char_file.o(.text)
    __rt_locale                              0x08000aa5   Thumb Code     8  rt_locale_intlibspace.o(.text)
    _ll_udiv10                               0x08000aad   Thumb Code   138  lludiv10.o(.text)
    _printf_fp_infnan                        0x08000b39   Thumb Code   112  _printf_fp_infnan.o(.text)
    _btod_etento                             0x08000bb9   Thumb Code   216  bigflt0.o(.text)
    ferror                                   0x08000c95   Thumb Code     8  ferror.o(.text)
    __user_libspace                          0x08000c9d   Thumb Code     8  libspace.o(.text)
    __user_perproc_libspace                  0x08000c9d   Thumb Code     0  libspace.o(.text)
    __user_perthread_libspace                0x08000c9d   Thumb Code     0  libspace.o(.text)
    __user_setup_stackheap                   0x08000ca5   Thumb Code    74  sys_stackheap_outer.o(.text)
    exit                                     0x08000cef   Thumb Code    12  exit.o(.text)
    strcmp                                   0x08000cfd   Thumb Code   128  strcmpv7m.o(.text)
    _btod_d2e                                0x08000d7d   Thumb Code    62  btod.o(CL$$btod_d2e)
    _d2e_denorm_low                          0x08000dbb   Thumb Code    70  btod.o(CL$$btod_d2e_denorm_low)
    _d2e_norm_op1                            0x08000e01   Thumb Code    96  btod.o(CL$$btod_d2e_norm_op1)
    __btod_div_common                        0x08000e61   Thumb Code   696  btod.o(CL$$btod_div_common)
    _e2e                                     0x08001199   Thumb Code   198  btod.o(CL$$btod_e2e)
    _btod_ediv                               0x0800125f   Thumb Code    40  btod.o(CL$$btod_ediv)
    _btod_emul                               0x08001287   Thumb Code    40  btod.o(CL$$btod_emul)
    __btod_mult_common                       0x080012af   Thumb Code   580  btod.o(CL$$btod_mult_common)
    BusFault_Handler                         0x080014f3   Thumb Code     4  stm32f10x_it.o(i.BusFault_Handler)
    DMA_DeInit                               0x080014f9   Thumb Code   324  stm32f10x_dma.o(i.DMA_DeInit)
    DMA_Init                                 0x08001645   Thumb Code    60  stm32f10x_dma.o(i.DMA_Init)
    DebugMon_Handler                         0x08001681   Thumb Code     2  stm32f10x_it.o(i.DebugMon_Handler)
    GPIO_Init                                0x08001683   Thumb Code   278  stm32f10x_gpio.o(i.GPIO_Init)
    GPIO_SetBits                             0x08001799   Thumb Code     4  stm32f10x_gpio.o(i.GPIO_SetBits)
    GPS_Analysis                             0x0800179d   Thumb Code    56  gps.o(i.GPS_Analysis)
    Gps_Msg_Show                             0x080017d5   Thumb Code   412  main.o(i.Gps_Msg_Show)
    HardFault_Handler                        0x08001b55   Thumb Code     4  stm32f10x_it.o(i.HardFault_Handler)
    LED_Init                                 0x08001b59   Thumb Code    76  led.o(i.LED_Init)
    MemManage_Handler                        0x08001ba9   Thumb Code     4  stm32f10x_it.o(i.MemManage_Handler)
    NMEA_BDGSV_Analysis                      0x08001bad   Thumb Code   298  gps.o(i.NMEA_BDGSV_Analysis)
    NMEA_Comma_Pos                           0x08001ce1   Thumb Code    50  gps.o(i.NMEA_Comma_Pos)
    NMEA_GNGGA_Analysis                      0x08001d15   Thumb Code    96  gps.o(i.NMEA_GNGGA_Analysis)
    NMEA_GNGSA_Analysis                      0x08001d7d   Thumb Code   176  gps.o(i.NMEA_GNGSA_Analysis)
    NMEA_GNRMC_Analysis                      0x08001e35   Thumb Code   536  gps.o(i.NMEA_GNRMC_Analysis)
    NMEA_GNVTG_Analysis                      0x08002059   Thumb Code    78  gps.o(i.NMEA_GNVTG_Analysis)
    NMEA_GPGSV_Analysis                      0x080020b1   Thumb Code   290  gps.o(i.NMEA_GPGSV_Analysis)
    NMEA_Pow                                 0x080021dd   Thumb Code    22  gps.o(i.NMEA_Pow)
    NMEA_Str2num                             0x080021f3   Thumb Code   234  gps.o(i.NMEA_Str2num)
    NMI_Handler                              0x080022dd   Thumb Code     2  stm32f10x_it.o(i.NMI_Handler)
    NVIC_Init                                0x080022e1   Thumb Code   100  misc.o(i.NVIC_Init)
    NVIC_PriorityGroupConfig                 0x08002351   Thumb Code    10  misc.o(i.NVIC_PriorityGroupConfig)
    PendSV_Handler                           0x08002365   Thumb Code     2  stm32f10x_it.o(i.PendSV_Handler)
    RCC_AHBPeriphClockCmd                    0x08002369   Thumb Code    26  stm32f10x_rcc.o(i.RCC_AHBPeriphClockCmd)
    RCC_APB1PeriphClockCmd                   0x08002389   Thumb Code    26  stm32f10x_rcc.o(i.RCC_APB1PeriphClockCmd)
    RCC_APB1PeriphResetCmd                   0x080023a9   Thumb Code    26  stm32f10x_rcc.o(i.RCC_APB1PeriphResetCmd)
    RCC_APB2PeriphClockCmd                   0x080023c9   Thumb Code    26  stm32f10x_rcc.o(i.RCC_APB2PeriphClockCmd)
    RCC_APB2PeriphResetCmd                   0x080023e9   Thumb Code    26  stm32f10x_rcc.o(i.RCC_APB2PeriphResetCmd)
    RCC_GetClocksFreq                        0x08002409   Thumb Code   192  stm32f10x_rcc.o(i.RCC_GetClocksFreq)
    SVC_Handler                              0x080024dd   Thumb Code     2  stm32f10x_it.o(i.SVC_Handler)
    SkyTra_Cfg_Ack_Check                     0x080025c9   Thumb Code   100  gps.o(i.SkyTra_Cfg_Ack_Check)
    SkyTra_Cfg_Prt                           0x08002635   Thumb Code    86  gps.o(i.SkyTra_Cfg_Prt)
    SkyTra_Cfg_Rate                          0x08002695   Thumb Code    60  gps.o(i.SkyTra_Cfg_Rate)
    SkyTra_Cfg_Tp                            0x080026d5   Thumb Code   126  gps.o(i.SkyTra_Cfg_Tp)
    SkyTra_Send_Date                         0x08002759   Thumb Code    40  gps.o(i.SkyTra_Send_Date)
    SysTick_CLKSourceConfig                  0x08002785   Thumb Code    40  misc.o(i.SysTick_CLKSourceConfig)
    SysTick_Handler                          0x080027ad   Thumb Code     2  stm32f10x_it.o(i.SysTick_Handler)
    SystemInit                               0x080027b1   Thumb Code    78  system_stm32f10x.o(i.SystemInit)
    TIM4_IRQHandler                          0x08002811   Thumb Code    40  usart4.o(i.TIM4_IRQHandler)
    TIM4_Init                                0x08002841   Thumb Code    82  usart4.o(i.TIM4_Init)
    TIM4_Set                                 0x08002899   Thumb Code    34  usart4.o(i.TIM4_Set)
    TIM_ClearITPendingBit                    0x080028c1   Thumb Code     6  stm32f10x_tim.o(i.TIM_ClearITPendingBit)
    TIM_Cmd                                  0x080028c7   Thumb Code    24  stm32f10x_tim.o(i.TIM_Cmd)
    TIM_GetITStatus                          0x080028df   Thumb Code    34  stm32f10x_tim.o(i.TIM_GetITStatus)
    TIM_ITConfig                             0x08002901   Thumb Code    18  stm32f10x_tim.o(i.TIM_ITConfig)
    TIM_SetCounter                           0x08002913   Thumb Code     4  stm32f10x_tim.o(i.TIM_SetCounter)
    TIM_TimeBaseInit                         0x08002919   Thumb Code   122  stm32f10x_tim.o(i.TIM_TimeBaseInit)
    UART_DMA_Config                          0x080029bd   Thumb Code    72  usart4.o(i.UART_DMA_Config)
    USART1_IRQHandler                        0x08002a05   Thumb Code   122  usart.o(i.USART1_IRQHandler)
    USART4_Init                              0x08002a8d   Thumb Code   210  usart4.o(i.USART4_Init)
    USART_Cmd                                0x08002b75   Thumb Code    24  stm32f10x_usart.o(i.USART_Cmd)
    USART_DMACmd                             0x08002b8d   Thumb Code    18  stm32f10x_usart.o(i.USART_DMACmd)
    USART_DeInit                             0x08002ba1   Thumb Code   134  stm32f10x_usart.o(i.USART_DeInit)
    USART_GetITStatus                        0x08002c3d   Thumb Code    84  stm32f10x_usart.o(i.USART_GetITStatus)
    USART_ITConfig                           0x08002c91   Thumb Code    74  stm32f10x_usart.o(i.USART_ITConfig)
    USART_Init                               0x08002cdd   Thumb Code   210  stm32f10x_usart.o(i.USART_Init)
    USART_ReceiveData                        0x08002db5   Thumb Code    10  stm32f10x_usart.o(i.USART_ReceiveData)
    UsageFault_Handler                       0x08002dbf   Thumb Code     4  stm32f10x_it.o(i.UsageFault_Handler)
    __ARM_fpclassify                         0x08002dc3   Thumb Code    40  fpclassify.o(i.__ARM_fpclassify)
    _is_digit                                0x08002deb   Thumb Code    14  __printf_wp.o(i._is_digit)
    _sys_exit                                0x08002df9   Thumb Code     6  usart.o(i._sys_exit)
    delay_init                               0x08002e01   Thumb Code    50  delay.o(i.delay_init)
    delay_ms                                 0x08002e45   Thumb Code    72  delay.o(i.delay_ms)
    fputc                                    0x08002e91   Thumb Code    24  usart.o(i.fputc)
    main                                     0x08002ead   Thumb Code   270  main.o(i.main)
    uart_init                                0x0800306d   Thumb Code   152  usart.o(i.uart_init)
    _get_lc_numeric                          0x0800310d   Thumb Code    44  lc_numeric_c.o(locale$$code)
    __fpl_dretinf                            0x08003139   Thumb Code    12  dretinf.o(x$fpl$dretinf)
    __aeabi_f2d                              0x08003145   Thumb Code     0  f2d.o(x$fpl$f2d)
    _f2d                                     0x08003145   Thumb Code    86  f2d.o(x$fpl$f2d)
    __aeabi_fadd                             0x0800319d   Thumb Code     0  faddsub_clz.o(x$fpl$fadd)
    _fadd                                    0x0800319d   Thumb Code   196  faddsub_clz.o(x$fpl$fadd)
    __aeabi_fdiv                             0x08003261   Thumb Code     0  fdiv.o(x$fpl$fdiv)
    _fdiv                                    0x08003261   Thumb Code   384  fdiv.o(x$fpl$fdiv)
    __aeabi_f2uiz                            0x080033e5   Thumb Code     0  ffixu.o(x$fpl$ffixu)
    _ffixu                                   0x080033e5   Thumb Code    62  ffixu.o(x$fpl$ffixu)
    __aeabi_i2f                              0x08003425   Thumb Code     0  fflt_clz.o(x$fpl$fflt)
    _fflt                                    0x08003425   Thumb Code    48  fflt_clz.o(x$fpl$fflt)
    __aeabi_ui2f                             0x08003455   Thumb Code     0  fflt_clz.o(x$fpl$ffltu)
    _ffltu                                   0x08003455   Thumb Code    38  fflt_clz.o(x$fpl$ffltu)
    __aeabi_fmul                             0x0800347d   Thumb Code     0  fmul.o(x$fpl$fmul)
    _fmul                                    0x0800347d   Thumb Code   258  fmul.o(x$fpl$fmul)
    __fpl_fnaninf                            0x0800357f   Thumb Code   140  fnaninf.o(x$fpl$fnaninf)
    __fpl_fretinf                            0x0800360b   Thumb Code    10  fretinf.o(x$fpl$fretinf)
    __aeabi_fsub                             0x08003615   Thumb Code     0  faddsub_clz.o(x$fpl$fsub)
    _fsub                                    0x08003615   Thumb Code   234  faddsub_clz.o(x$fpl$fsub)
    _printf_fp_dec                           0x080036ff   Thumb Code     4  printf1.o(x$fpl$printf1)
    __I$use$fp                               0x08003702   Number         0  usenofp.o(x$fpl$usenofp)
    BAUD_id                                  0x08003704   Data          36  gps.o(.constdata)
    Region$$Table$$Base                      0x080037e8   Number         0  anon$$obj.o(Region$$Table)
    Region$$Table$$Limit                     0x08003808   Number         0  anon$$obj.o(Region$$Table)
    fixmode_tbl                              0x20000000   Data          16  main.o(.data)
    SystemCoreClock                          0x20000010   Data           4  system_stm32f10x.o(.data)
    AHBPrescTable                            0x20000014   Data          16  system_stm32f10x.o(.data)
    __stdout                                 0x20000028   Data           4  usart.o(.data)
    USART_RX_STA                             0x2000002c   Data           2  usart.o(.data)
    USART4_RX_STA                            0x20000042   Data           2  usart4.o(.data)
    USART1_TX_BUF                            0x20000044   Data        1024  main.o(.bss)
    gpsx                                     0x20000444   Data         166  main.o(.bss)
    dtbuf                                    0x200004ec   Data          50  main.o(.bss)
    USART_RX_BUF                             0x2000051e   Data         200  usart.o(.bss)
    USART4_TX_BUF                            0x200005e8   Data        1024  usart4.o(.bss)
    USART4_RX_BUF                            0x200009e8   Data        1024  usart4.o(.bss)
    __libspace_start                         0x20000de8   Data          96  libspace.o(.bss)
    __temporary_stack_top$libspace           0x20000e48   Data           0  libspace.o(.bss)



==============================================================================

Memory Map of the image

  Image Entry point : 0x08000131

  Load Region LR_IROM1 (Base: 0x08000000, Size: 0x00003868, Max: 0x00040000, ABSOLUTE)

    Execution Region ER_IROM1 (Base: 0x08000000, Size: 0x00003824, Max: 0x00040000, ABSOLUTE)

    Base Addr    Size         Type   Attr      Idx    E Section Name        Object

    0x08000000   0x00000130   Data   RO          313    RESET               startup_stm32f10x_hd.o
    0x08000130   0x00000008   Code   RO         3576  * !!!main             c_w.l(__main.o)
    0x08000138   0x00000034   Code   RO         3888    !!!scatter          c_w.l(__scatter.o)
    0x0800016c   0x0000001a   Code   RO         3890    !!handler_copy      c_w.l(__scatter_copy.o)
    0x08000186   0x00000002   PAD
    0x08000188   0x0000001c   Code   RO         3892    !!handler_zi        c_w.l(__scatter_zi.o)
    0x080001a4   0x00000000   Code   RO         3569    .ARM.Collect$$_printf_percent$$00000000  c_w.l(_printf_percent.o)
    0x080001a4   0x00000006   Code   RO         3568    .ARM.Collect$$_printf_percent$$00000003  c_w.l(_printf_f.o)
    0x080001aa   0x00000006   Code   RO         3567    .ARM.Collect$$_printf_percent$$00000009  c_w.l(_printf_d.o)
    0x080001b0   0x00000006   Code   RO         3565    .ARM.Collect$$_printf_percent$$00000013  c_w.l(_printf_c.o)
    0x080001b6   0x00000006   Code   RO         3566    .ARM.Collect$$_printf_percent$$00000014  c_w.l(_printf_s.o)
    0x080001bc   0x00000004   Code   RO         3664    .ARM.Collect$$_printf_percent$$00000017  c_w.l(_printf_percent_end.o)
    0x080001c0   0x00000002   Code   RO         3763    .ARM.Collect$$libinit$$00000000  c_w.l(libinit.o)
    0x080001c2   0x00000000   Code   RO         3765    .ARM.Collect$$libinit$$00000002  c_w.l(libinit2.o)
    0x080001c2   0x00000000   Code   RO         3767    .ARM.Collect$$libinit$$00000004  c_w.l(libinit2.o)
    0x080001c2   0x00000000   Code   RO         3770    .ARM.Collect$$libinit$$0000000A  c_w.l(libinit2.o)
    0x080001c2   0x00000000   Code   RO         3772    .ARM.Collect$$libinit$$0000000C  c_w.l(libinit2.o)
    0x080001c2   0x00000000   Code   RO         3774    .ARM.Collect$$libinit$$0000000E  c_w.l(libinit2.o)
    0x080001c2   0x00000006   Code   RO         3775    .ARM.Collect$$libinit$$0000000F  c_w.l(libinit2.o)
    0x080001c8   0x00000000   Code   RO         3777    .ARM.Collect$$libinit$$00000011  c_w.l(libinit2.o)
    0x080001c8   0x00000000   Code   RO         3779    .ARM.Collect$$libinit$$00000013  c_w.l(libinit2.o)
    0x080001c8   0x00000000   Code   RO         3781    .ARM.Collect$$libinit$$00000015  c_w.l(libinit2.o)
    0x080001c8   0x0000000a   Code   RO         3782    .ARM.Collect$$libinit$$00000016  c_w.l(libinit2.o)
    0x080001d2   0x00000000   Code   RO         3783    .ARM.Collect$$libinit$$00000017  c_w.l(libinit2.o)
    0x080001d2   0x00000000   Code   RO         3785    .ARM.Collect$$libinit$$00000019  c_w.l(libinit2.o)
    0x080001d2   0x00000000   Code   RO         3787    .ARM.Collect$$libinit$$0000001B  c_w.l(libinit2.o)
    0x080001d2   0x00000000   Code   RO         3789    .ARM.Collect$$libinit$$0000001D  c_w.l(libinit2.o)
    0x080001d2   0x00000000   Code   RO         3791    .ARM.Collect$$libinit$$0000001F  c_w.l(libinit2.o)
    0x080001d2   0x00000000   Code   RO         3793    .ARM.Collect$$libinit$$00000021  c_w.l(libinit2.o)
    0x080001d2   0x00000000   Code   RO         3795    .ARM.Collect$$libinit$$00000023  c_w.l(libinit2.o)
    0x080001d2   0x00000000   Code   RO         3797    .ARM.Collect$$libinit$$00000025  c_w.l(libinit2.o)
    0x080001d2   0x00000000   Code   RO         3801    .ARM.Collect$$libinit$$0000002C  c_w.l(libinit2.o)
    0x080001d2   0x00000000   Code   RO         3803    .ARM.Collect$$libinit$$0000002E  c_w.l(libinit2.o)
    0x080001d2   0x00000000   Code   RO         3805    .ARM.Collect$$libinit$$00000030  c_w.l(libinit2.o)
    0x080001d2   0x00000000   Code   RO         3807    .ARM.Collect$$libinit$$00000032  c_w.l(libinit2.o)
    0x080001d2   0x00000002   Code   RO         3808    .ARM.Collect$$libinit$$00000033  c_w.l(libinit2.o)
    0x080001d4   0x00000002   Code   RO         3839    .ARM.Collect$$libshutdown$$00000000  c_w.l(libshutdown.o)
    0x080001d6   0x00000000   Code   RO         3849    .ARM.Collect$$libshutdown$$00000003  c_w.l(libshutdown2.o)
    0x080001d6   0x00000000   Code   RO         3852    .ARM.Collect$$libshutdown$$00000006  c_w.l(libshutdown2.o)
    0x080001d6   0x00000000   Code   RO         3855    .ARM.Collect$$libshutdown$$00000009  c_w.l(libshutdown2.o)
    0x080001d6   0x00000000   Code   RO         3857    .ARM.Collect$$libshutdown$$0000000B  c_w.l(libshutdown2.o)
    0x080001d6   0x00000000   Code   RO         3860    .ARM.Collect$$libshutdown$$0000000E  c_w.l(libshutdown2.o)
    0x080001d6   0x00000002   Code   RO         3861    .ARM.Collect$$libshutdown$$0000000F  c_w.l(libshutdown2.o)
    0x080001d8   0x00000000   Code   RO         3606    .ARM.Collect$$rtentry$$00000000  c_w.l(__rtentry.o)
    0x080001d8   0x00000000   Code   RO         3682    .ARM.Collect$$rtentry$$00000002  c_w.l(__rtentry2.o)
    0x080001d8   0x00000006   Code   RO         3694    .ARM.Collect$$rtentry$$00000004  c_w.l(__rtentry4.o)
    0x080001de   0x00000000   Code   RO         3684    .ARM.Collect$$rtentry$$00000009  c_w.l(__rtentry2.o)
    0x080001de   0x00000004   Code   RO         3685    .ARM.Collect$$rtentry$$0000000A  c_w.l(__rtentry2.o)
    0x080001e2   0x00000000   Code   RO         3687    .ARM.Collect$$rtentry$$0000000C  c_w.l(__rtentry2.o)
    0x080001e2   0x00000008   Code   RO         3688    .ARM.Collect$$rtentry$$0000000D  c_w.l(__rtentry2.o)
    0x080001ea   0x00000002   Code   RO         3809    .ARM.Collect$$rtexit$$00000000  c_w.l(rtexit.o)
    0x080001ec   0x00000000   Code   RO         3819    .ARM.Collect$$rtexit$$00000002  c_w.l(rtexit2.o)
    0x080001ec   0x00000004   Code   RO         3820    .ARM.Collect$$rtexit$$00000003  c_w.l(rtexit2.o)
    0x080001f0   0x00000006   Code   RO         3821    .ARM.Collect$$rtexit$$00000004  c_w.l(rtexit2.o)
    0x080001f6   0x00000002   PAD
    0x080001f8   0x00000040   Code   RO          314    .text               startup_stm32f10x_hd.o
    0x08000238   0x00000002   Code   RO         3525    .text               c_w.l(use_no_semi_2.o)
    0x0800023a   0x00000002   PAD
    0x0800023c   0x00000018   Code   RO         3529    .text               c_w.l(__2printf.o)
    0x08000254   0x0000002c   Code   RO         3531    .text               c_w.l(__2sprintf.o)
    0x08000280   0x0000004e   Code   RO         3539    .text               c_w.l(_printf_pad.o)
    0x080002ce   0x00000052   Code   RO         3541    .text               c_w.l(_printf_str.o)
    0x08000320   0x00000078   Code   RO         3543    .text               c_w.l(_printf_dec.o)
    0x08000398   0x00000188   Code   RO         3562    .text               c_w.l(__printf_flags_ss_wp.o)
    0x08000520   0x00000024   Code   RO         3570    .text               c_w.l(strstr.o)
    0x08000544   0x00000006   Code   RO         3574    .text               c_w.l(heapauxi.o)
    0x0800054a   0x00000002   Code   RO         3604    .text               c_w.l(use_no_semi.o)
    0x0800054c   0x000000b2   Code   RO         3609    .text               c_w.l(_printf_intcommon.o)
    0x080005fe   0x0000041a   Code   RO         3613    .text               c_w.l(_printf_fp_dec.o)
    0x08000a18   0x00000030   Code   RO         3615    .text               c_w.l(_printf_char_common.o)
    0x08000a48   0x0000000a   Code   RO         3617    .text               c_w.l(_sputc.o)
    0x08000a52   0x0000002c   Code   RO         3619    .text               c_w.l(_printf_char.o)
    0x08000a7e   0x00000002   PAD
    0x08000a80   0x00000024   Code   RO         3621    .text               c_w.l(_printf_char_file.o)
    0x08000aa4   0x00000008   Code   RO         3699    .text               c_w.l(rt_locale_intlibspace.o)
    0x08000aac   0x0000008a   Code   RO         3701    .text               c_w.l(lludiv10.o)
    0x08000b36   0x00000002   PAD
    0x08000b38   0x00000080   Code   RO         3703    .text               c_w.l(_printf_fp_infnan.o)
    0x08000bb8   0x000000dc   Code   RO         3709    .text               c_w.l(bigflt0.o)
    0x08000c94   0x00000008   Code   RO         3734    .text               c_w.l(ferror.o)
    0x08000c9c   0x00000008   Code   RO         3747    .text               c_w.l(libspace.o)
    0x08000ca4   0x0000004a   Code   RO         3750    .text               c_w.l(sys_stackheap_outer.o)
    0x08000cee   0x0000000c   Code   RO         3754    .text               c_w.l(exit.o)
    0x08000cfa   0x00000002   PAD
    0x08000cfc   0x00000080   Code   RO         3756    .text               c_w.l(strcmpv7m.o)
    0x08000d7c   0x0000003e   Code   RO         3712    CL$$btod_d2e        c_w.l(btod.o)
    0x08000dba   0x00000046   Code   RO         3714    CL$$btod_d2e_denorm_low  c_w.l(btod.o)
    0x08000e00   0x00000060   Code   RO         3713    CL$$btod_d2e_norm_op1  c_w.l(btod.o)
    0x08000e60   0x00000338   Code   RO         3722    CL$$btod_div_common  c_w.l(btod.o)
    0x08001198   0x000000c6   Code   RO         3719    CL$$btod_e2e        c_w.l(btod.o)
    0x0800125e   0x00000028   Code   RO         3716    CL$$btod_ediv       c_w.l(btod.o)
    0x08001286   0x00000028   Code   RO         3715    CL$$btod_emul       c_w.l(btod.o)
    0x080012ae   0x00000244   Code   RO         3721    CL$$btod_mult_common  c_w.l(btod.o)
    0x080014f2   0x00000004   Code   RO           91    i.BusFault_Handler  stm32f10x_it.o
    0x080014f6   0x00000002   PAD
    0x080014f8   0x0000014c   Code   RO         1067    i.DMA_DeInit        stm32f10x_dma.o
    0x08001644   0x0000003c   Code   RO         1072    i.DMA_Init          stm32f10x_dma.o
    0x08001680   0x00000002   Code   RO           92    i.DebugMon_Handler  stm32f10x_it.o
    0x08001682   0x00000116   Code   RO         1499    i.GPIO_Init         stm32f10x_gpio.o
    0x08001798   0x00000004   Code   RO         1507    i.GPIO_SetBits      stm32f10x_gpio.o
    0x0800179c   0x00000038   Code   RO         3345    i.GPS_Analysis      gps.o
    0x080017d4   0x00000380   Code   RO            1    i.Gps_Msg_Show      main.o
    0x08001b54   0x00000004   Code   RO           93    i.HardFault_Handler  stm32f10x_it.o
    0x08001b58   0x00000050   Code   RO         3333    i.LED_Init          led.o
    0x08001ba8   0x00000004   Code   RO           94    i.MemManage_Handler  stm32f10x_it.o
    0x08001bac   0x00000134   Code   RO         3346    i.NMEA_BDGSV_Analysis  gps.o
    0x08001ce0   0x00000032   Code   RO         3347    i.NMEA_Comma_Pos    gps.o
    0x08001d12   0x00000002   PAD
    0x08001d14   0x00000068   Code   RO         3348    i.NMEA_GNGGA_Analysis  gps.o
    0x08001d7c   0x000000b8   Code   RO         3349    i.NMEA_GNGSA_Analysis  gps.o
    0x08001e34   0x00000224   Code   RO         3350    i.NMEA_GNRMC_Analysis  gps.o
    0x08002058   0x00000058   Code   RO         3351    i.NMEA_GNVTG_Analysis  gps.o
    0x080020b0   0x0000012c   Code   RO         3352    i.NMEA_GPGSV_Analysis  gps.o
    0x080021dc   0x00000016   Code   RO         3353    i.NMEA_Pow          gps.o
    0x080021f2   0x000000ea   Code   RO         3354    i.NMEA_Str2num      gps.o
    0x080022dc   0x00000002   Code   RO           95    i.NMI_Handler       stm32f10x_it.o
    0x080022de   0x00000002   PAD
    0x080022e0   0x00000070   Code   RO          318    i.NVIC_Init         misc.o
    0x08002350   0x00000014   Code   RO          319    i.NVIC_PriorityGroupConfig  misc.o
    0x08002364   0x00000002   Code   RO           96    i.PendSV_Handler    stm32f10x_it.o
    0x08002366   0x00000002   PAD
    0x08002368   0x00000020   Code   RO         1923    i.RCC_AHBPeriphClockCmd  stm32f10x_rcc.o
    0x08002388   0x00000020   Code   RO         1924    i.RCC_APB1PeriphClockCmd  stm32f10x_rcc.o
    0x080023a8   0x00000020   Code   RO         1925    i.RCC_APB1PeriphResetCmd  stm32f10x_rcc.o
    0x080023c8   0x00000020   Code   RO         1926    i.RCC_APB2PeriphClockCmd  stm32f10x_rcc.o
    0x080023e8   0x00000020   Code   RO         1927    i.RCC_APB2PeriphResetCmd  stm32f10x_rcc.o
    0x08002408   0x000000d4   Code   RO         1934    i.RCC_GetClocksFreq  stm32f10x_rcc.o
    0x080024dc   0x00000002   Code   RO           97    i.SVC_Handler       stm32f10x_it.o
    0x080024de   0x00000008   Code   RO          171    i.SetSysClock       system_stm32f10x.o
    0x080024e6   0x00000002   PAD
    0x080024e8   0x000000e0   Code   RO          172    i.SetSysClockTo72   system_stm32f10x.o
    0x080025c8   0x0000006c   Code   RO         3355    i.SkyTra_Cfg_Ack_Check  gps.o
    0x08002634   0x00000060   Code   RO         3356    i.SkyTra_Cfg_Prt    gps.o
    0x08002694   0x00000040   Code   RO         3357    i.SkyTra_Cfg_Rate   gps.o
    0x080026d4   0x00000084   Code   RO         3358    i.SkyTra_Cfg_Tp     gps.o
    0x08002758   0x0000002c   Code   RO         3359    i.SkyTra_Send_Date  gps.o
    0x08002784   0x00000028   Code   RO          322    i.SysTick_CLKSourceConfig  misc.o
    0x080027ac   0x00000002   Code   RO           98    i.SysTick_Handler   stm32f10x_it.o
    0x080027ae   0x00000002   PAD
    0x080027b0   0x00000060   Code   RO          174    i.SystemInit        system_stm32f10x.o
    0x08002810   0x00000030   Code   RO         3455    i.TIM4_IRQHandler   usart4.o
    0x08002840   0x00000058   Code   RO         3456    i.TIM4_Init         usart4.o
    0x08002898   0x00000028   Code   RO         3457    i.TIM4_Set          usart4.o
    0x080028c0   0x00000006   Code   RO         2559    i.TIM_ClearITPendingBit  stm32f10x_tim.o
    0x080028c6   0x00000018   Code   RO         2564    i.TIM_Cmd           stm32f10x_tim.o
    0x080028de   0x00000022   Code   RO         2585    i.TIM_GetITStatus   stm32f10x_tim.o
    0x08002900   0x00000012   Code   RO         2589    i.TIM_ITConfig      stm32f10x_tim.o
    0x08002912   0x00000004   Code   RO         2629    i.TIM_SetCounter    stm32f10x_tim.o
    0x08002916   0x00000002   PAD
    0x08002918   0x000000a4   Code   RO         2635    i.TIM_TimeBaseInit  stm32f10x_tim.o
    0x080029bc   0x00000048   Code   RO         3458    i.UART_DMA_Config   usart4.o
    0x08002a04   0x00000088   Code   RO          260    i.USART1_IRQHandler  usart.o
    0x08002a8c   0x000000e8   Code   RO         3461    i.USART4_Init       usart4.o
    0x08002b74   0x00000018   Code   RO         3100    i.USART_Cmd         stm32f10x_usart.o
    0x08002b8c   0x00000012   Code   RO         3101    i.USART_DMACmd      stm32f10x_usart.o
    0x08002b9e   0x00000002   PAD
    0x08002ba0   0x0000009c   Code   RO         3102    i.USART_DeInit      stm32f10x_usart.o
    0x08002c3c   0x00000054   Code   RO         3104    i.USART_GetITStatus  stm32f10x_usart.o
    0x08002c90   0x0000004a   Code   RO         3106    i.USART_ITConfig    stm32f10x_usart.o
    0x08002cda   0x00000002   PAD
    0x08002cdc   0x000000d8   Code   RO         3107    i.USART_Init        stm32f10x_usart.o
    0x08002db4   0x0000000a   Code   RO         3114    i.USART_ReceiveData  stm32f10x_usart.o
    0x08002dbe   0x00000004   Code   RO           99    i.UsageFault_Handler  stm32f10x_it.o
    0x08002dc2   0x00000028   Code   RO         3745    i.__ARM_fpclassify  m_ws.l(fpclassify.o)
    0x08002dea   0x0000000e   Code   RO         3555    i._is_digit         c_w.l(__printf_wp.o)
    0x08002df8   0x00000006   Code   RO          261    i._sys_exit         usart.o
    0x08002dfe   0x00000002   PAD
    0x08002e00   0x00000044   Code   RO          205    i.delay_init        delay.o
    0x08002e44   0x0000004c   Code   RO          206    i.delay_ms          delay.o
    0x08002e90   0x0000001c   Code   RO          262    i.fputc             usart.o
    0x08002eac   0x000001c0   Code   RO            2    i.main              main.o
    0x0800306c   0x000000a0   Code   RO          263    i.uart_init         usart.o
    0x0800310c   0x0000002c   Code   RO         3741    locale$$code        c_w.l(lc_numeric_c.o)
    0x08003138   0x0000000c   Code   RO         3674    x$fpl$dretinf       fz_ws.l(dretinf.o)
    0x08003144   0x00000056   Code   RO         3578    x$fpl$f2d           fz_ws.l(f2d.o)
    0x0800319a   0x00000002   PAD
    0x0800319c   0x000000c4   Code   RO         3580    x$fpl$fadd          fz_ws.l(faddsub_clz.o)
    0x08003260   0x00000184   Code   RO         3587    x$fpl$fdiv          fz_ws.l(fdiv.o)
    0x080033e4   0x0000003e   Code   RO         3590    x$fpl$ffixu         fz_ws.l(ffixu.o)
    0x08003422   0x00000002   PAD
    0x08003424   0x00000030   Code   RO         3595    x$fpl$fflt          fz_ws.l(fflt_clz.o)
    0x08003454   0x00000026   Code   RO         3594    x$fpl$ffltu         fz_ws.l(fflt_clz.o)
    0x0800347a   0x00000002   PAD
    0x0800347c   0x00000102   Code   RO         3600    x$fpl$fmul          fz_ws.l(fmul.o)
    0x0800357e   0x0000008c   Code   RO         3676    x$fpl$fnaninf       fz_ws.l(fnaninf.o)
    0x0800360a   0x0000000a   Code   RO         3678    x$fpl$fretinf       fz_ws.l(fretinf.o)
    0x08003614   0x000000ea   Code   RO         3582    x$fpl$fsub          fz_ws.l(faddsub_clz.o)
    0x080036fe   0x00000004   Code   RO         3602    x$fpl$printf1       fz_ws.l(printf1.o)
    0x08003702   0x00000000   Code   RO         3680    x$fpl$usenofp       fz_ws.l(usenofp.o)
    0x08003702   0x00000002   PAD
    0x08003704   0x00000024   Data   RO         3360    .constdata          gps.o
    0x08003728   0x00000011   Data   RO         3563    .constdata          c_w.l(__printf_flags_ss_wp.o)
    0x08003739   0x00000003   PAD
    0x0800373c   0x00000094   Data   RO         3710    .constdata          c_w.l(bigflt0.o)
    0x080037d0   0x00000015   Data   RO            4    .conststring        main.o
    0x080037e5   0x00000003   PAD
    0x080037e8   0x00000020   Data   RO         3886    Region$$Table       anon$$obj.o
    0x08003808   0x0000001c   Data   RO         3740    locale$$data        c_w.l(lc_numeric_c.o)


    Execution Region RW_IRAM1 (Base: 0x20000000, Size: 0x00001448, Max: 0x0000c000, ABSOLUTE)

    Base Addr    Size         Type   Attr      Idx    E Section Name        Object

    0x20000000   0x00000010   Data   RW            5    .data               main.o
    0x20000010   0x00000014   Data   RW          175    .data               system_stm32f10x.o
    0x20000024   0x00000004   Data   RW          208    .data               delay.o
    0x20000028   0x00000006   Data   RW          265    .data               usart.o
    0x2000002e   0x00000014   Data   RW         1954    .data               stm32f10x_rcc.o
    0x20000042   0x00000002   Data   RW         3464    .data               usart4.o
    0x20000044   0x000004da   Zero   RW            3    .bss                main.o
    0x2000051e   0x000000c8   Zero   RW          264    .bss                usart.o
    0x200005e6   0x00000002   PAD
    0x200005e8   0x00000800   Zero   RW         3463    .bss                usart4.o
    0x20000de8   0x00000060   Zero   RW         3748    .bss                c_w.l(libspace.o)
    0x20000e48   0x00000200   Zero   RW          312    HEAP                startup_stm32f10x_hd.o
    0x20001048   0x00000400   Zero   RW          311    STACK               startup_stm32f10x_hd.o


==============================================================================

Image component sizes


      Code (inc. data)   RO Data    RW Data    ZI Data      Debug   Object Name

       144         22          0          4          0       1208   delay.o
      2338         90         36          0          0      11029   gps.o
        80          4          0          0          0        507   led.o
      1344        662         21         16       1242     266597   main.o
       172         22          0          0          0       2081   misc.o
        64         26        304          0       1536        804   startup_stm32f10x_hd.o
       392          8          0          0          0       2900   stm32f10x_dma.o
       282          0          0          0          0       2503   stm32f10x_gpio.o
        26          0          0          0          0       3758   stm32f10x_it.o
       372         50          0         20          0       6196   stm32f10x_rcc.o
       250         42          0          0          0       4115   stm32f10x_tim.o
       582         28          0          0          0       6180   stm32f10x_usart.o
         0          0          0          0          0         32   sys.o
       328         28          0         20          0       2117   system_stm32f10x.o
       330         26          0          6        200       4164   usart.o
       480         42          0          2       2048       3869   usart4.o

    ----------------------------------------------------------------------
      7204       1050        396         68       5028     318060   Object Totals
         0          0         32          0          0          0   (incl. Generated)
        20          0          3          0          2          0   (incl. Padding)

    ----------------------------------------------------------------------

      Code (inc. data)   RO Data    RW Data    ZI Data      Debug   Library Member Name

        24          4          0          0          0         84   __2printf.o
        44          6          0          0          0         84   __2sprintf.o
         8          0          0          0          0         68   __main.o
       392          4         17          0          0         92   __printf_flags_ss_wp.o
        14          0          0          0          0         68   __printf_wp.o
         0          0          0          0          0          0   __rtentry.o
        12          0          0          0          0          0   __rtentry2.o
         6          0          0          0          0          0   __rtentry4.o
        52          8          0          0          0          0   __scatter.o
        26          0          0          0          0          0   __scatter_copy.o
        28          0          0          0          0          0   __scatter_zi.o
         6          0          0          0          0          0   _printf_c.o
        44          0          0          0          0        108   _printf_char.o
        48          6          0          0          0         96   _printf_char_common.o
        36          4          0          0          0         80   _printf_char_file.o
         6          0          0          0          0          0   _printf_d.o
       120         16          0          0          0         92   _printf_dec.o
         6          0          0          0          0          0   _printf_f.o
      1050          0          0          0          0        216   _printf_fp_dec.o
       128         16          0          0          0         84   _printf_fp_infnan.o
       178          0          0          0          0         88   _printf_intcommon.o
        78          0          0          0          0        108   _printf_pad.o
         0          0          0          0          0          0   _printf_percent.o
         4          0          0          0          0          0   _printf_percent_end.o
         6          0          0          0          0          0   _printf_s.o
        82          0          0          0          0         80   _printf_str.o
        10          0          0          0          0         68   _sputc.o
       220          4        148          0          0         96   bigflt0.o
      1910        128          0          0          0        672   btod.o
        12          0          0          0          0         72   exit.o
         8          0          0          0          0         68   ferror.o
         6          0          0          0          0        152   heapauxi.o
        44         10         28          0          0         76   lc_numeric_c.o
         2          0          0          0          0          0   libinit.o
        18          0          0          0          0          0   libinit2.o
         2          0          0          0          0          0   libshutdown.o
         2          0          0          0          0          0   libshutdown2.o
         8          4          0          0         96         68   libspace.o
       138          0          0          0          0         80   lludiv10.o
         8          4          0          0          0         68   rt_locale_intlibspace.o
         2          0          0          0          0          0   rtexit.o
        10          0          0          0          0          0   rtexit2.o
       128          0          0          0          0         68   strcmpv7m.o
        36          0          0          0          0         80   strstr.o
        74          0          0          0          0         80   sys_stackheap_outer.o
         2          0          0          0          0         68   use_no_semi.o
         2          0          0          0          0         68   use_no_semi_2.o
        12          0          0          0          0         68   dretinf.o
        86          4          0          0          0         84   f2d.o
       430          8          0          0          0        168   faddsub_clz.o
       388         76          0          0          0         96   fdiv.o
        62          4          0          0          0         84   ffixu.o
        86          0          0          0          0        136   fflt_clz.o
       258          4          0          0          0         84   fmul.o
       140          4          0          0          0         84   fnaninf.o
        10          0          0          0          0         68   fretinf.o
         4          0          0          0          0         68   printf1.o
         0          0          0          0          0          0   usenofp.o
        40          0          0          0          0         68   fpclassify.o

    ----------------------------------------------------------------------
      6576        314        196          0         96       4140   Library Totals
        20          0          3          0          0          0   (incl. Padding)

    ----------------------------------------------------------------------

      Code (inc. data)   RO Data    RW Data    ZI Data      Debug   Library Name

      5040        214        193          0         96       3132   c_w.l
      1476        100          0          0          0        940   fz_ws.l
        40          0          0          0          0         68   m_ws.l

    ----------------------------------------------------------------------
      6576        314        196          0         96       4140   Library Totals

    ----------------------------------------------------------------------

==============================================================================


      Code (inc. data)   RO Data    RW Data    ZI Data      Debug   

     13780       1364        592         68       5124     316528   Grand Totals
     13780       1364        592         68       5124     316528   ELF Image Totals
     13780       1364        592         68          0          0   ROM Totals

==============================================================================

    Total RO  Size (Code + RO Data)                14372 (  14.04kB)
    Total RW  Size (RW Data + ZI Data)              5192 (   5.07kB)
    Total ROM Size (Code + RO Data + RW Data)      14440 (  14.10kB)

==============================================================================

